Archive member included to satisfy reference by file (symbol)

C:/ST/STM32CubeIDE_1.18.0/STM32CubeIDE/plugins/com.st.stm32cube.ide.mcu.externaltools.gnu-tools-for-stm32.13.3.rel1.win32_1.0.0.202411081344/tools/bin/../lib/gcc/arm-none-eabi/13.3.1/../../../../arm-none-eabi/lib/thumb/v7e-m/nofp\libc_nano.a(libc_a-exit.o)
                              C:/ST/STM32CubeIDE_1.18.0/STM32CubeIDE/plugins/com.st.stm32cube.ide.mcu.externaltools.gnu-tools-for-stm32.13.3.rel1.win32_1.0.0.202411081344/tools/bin/../lib/gcc/arm-none-eabi/13.3.1/../../../../arm-none-eabi/lib/thumb/v7e-m/nofp/crt0.o (exit)
C:/ST/STM32CubeIDE_1.18.0/STM32CubeIDE/plugins/com.st.stm32cube.ide.mcu.externaltools.gnu-tools-for-stm32.13.3.rel1.win32_1.0.0.202411081344/tools/bin/../lib/gcc/arm-none-eabi/13.3.1/../../../../arm-none-eabi/lib/thumb/v7e-m/nofp\libc_nano.a(libc_a-findfp.o)
                              C:/ST/STM32CubeIDE_1.18.0/STM32CubeIDE/plugins/com.st.stm32cube.ide.mcu.externaltools.gnu-tools-for-stm32.13.3.rel1.win32_1.0.0.202411081344/tools/bin/../lib/gcc/arm-none-eabi/13.3.1/../../../../arm-none-eabi/lib/thumb/v7e-m/nofp\libc_nano.a(libc_a-exit.o) (__stdio_exit_handler)
C:/ST/STM32CubeIDE_1.18.0/STM32CubeIDE/plugins/com.st.stm32cube.ide.mcu.externaltools.gnu-tools-for-stm32.13.3.rel1.win32_1.0.0.202411081344/tools/bin/../lib/gcc/arm-none-eabi/13.3.1/../../../../arm-none-eabi/lib/thumb/v7e-m/nofp\libc_nano.a(libc_a-fwalk.o)
                              C:/ST/STM32CubeIDE_1.18.0/STM32CubeIDE/plugins/com.st.stm32cube.ide.mcu.externaltools.gnu-tools-for-stm32.13.3.rel1.win32_1.0.0.202411081344/tools/bin/../lib/gcc/arm-none-eabi/13.3.1/../../../../arm-none-eabi/lib/thumb/v7e-m/nofp\libc_nano.a(libc_a-findfp.o) (_fwalk_sglue)
C:/ST/STM32CubeIDE_1.18.0/STM32CubeIDE/plugins/com.st.stm32cube.ide.mcu.externaltools.gnu-tools-for-stm32.13.3.rel1.win32_1.0.0.202411081344/tools/bin/../lib/gcc/arm-none-eabi/13.3.1/../../../../arm-none-eabi/lib/thumb/v7e-m/nofp\libc_nano.a(libc_a-stdio.o)
                              C:/ST/STM32CubeIDE_1.18.0/STM32CubeIDE/plugins/com.st.stm32cube.ide.mcu.externaltools.gnu-tools-for-stm32.13.3.rel1.win32_1.0.0.202411081344/tools/bin/../lib/gcc/arm-none-eabi/13.3.1/../../../../arm-none-eabi/lib/thumb/v7e-m/nofp\libc_nano.a(libc_a-findfp.o) (__sread)
C:/ST/STM32CubeIDE_1.18.0/STM32CubeIDE/plugins/com.st.stm32cube.ide.mcu.externaltools.gnu-tools-for-stm32.13.3.rel1.win32_1.0.0.202411081344/tools/bin/../lib/gcc/arm-none-eabi/13.3.1/../../../../arm-none-eabi/lib/thumb/v7e-m/nofp\libc_nano.a(libc_a-memset.o)
                              C:/ST/STM32CubeIDE_1.18.0/STM32CubeIDE/plugins/com.st.stm32cube.ide.mcu.externaltools.gnu-tools-for-stm32.13.3.rel1.win32_1.0.0.202411081344/tools/bin/../lib/gcc/arm-none-eabi/13.3.1/../../../../arm-none-eabi/lib/thumb/v7e-m/nofp/crt0.o (memset)
C:/ST/STM32CubeIDE_1.18.0/STM32CubeIDE/plugins/com.st.stm32cube.ide.mcu.externaltools.gnu-tools-for-stm32.13.3.rel1.win32_1.0.0.202411081344/tools/bin/../lib/gcc/arm-none-eabi/13.3.1/../../../../arm-none-eabi/lib/thumb/v7e-m/nofp\libc_nano.a(libc_a-closer.o)
                              C:/ST/STM32CubeIDE_1.18.0/STM32CubeIDE/plugins/com.st.stm32cube.ide.mcu.externaltools.gnu-tools-for-stm32.13.3.rel1.win32_1.0.0.202411081344/tools/bin/../lib/gcc/arm-none-eabi/13.3.1/../../../../arm-none-eabi/lib/thumb/v7e-m/nofp\libc_nano.a(libc_a-stdio.o) (_close_r)
C:/ST/STM32CubeIDE_1.18.0/STM32CubeIDE/plugins/com.st.stm32cube.ide.mcu.externaltools.gnu-tools-for-stm32.13.3.rel1.win32_1.0.0.202411081344/tools/bin/../lib/gcc/arm-none-eabi/13.3.1/../../../../arm-none-eabi/lib/thumb/v7e-m/nofp\libc_nano.a(libc_a-reent.o)
                              C:/ST/STM32CubeIDE_1.18.0/STM32CubeIDE/plugins/com.st.stm32cube.ide.mcu.externaltools.gnu-tools-for-stm32.13.3.rel1.win32_1.0.0.202411081344/tools/bin/../lib/gcc/arm-none-eabi/13.3.1/../../../../arm-none-eabi/lib/thumb/v7e-m/nofp\libc_nano.a(libc_a-closer.o) (errno)
C:/ST/STM32CubeIDE_1.18.0/STM32CubeIDE/plugins/com.st.stm32cube.ide.mcu.externaltools.gnu-tools-for-stm32.13.3.rel1.win32_1.0.0.202411081344/tools/bin/../lib/gcc/arm-none-eabi/13.3.1/../../../../arm-none-eabi/lib/thumb/v7e-m/nofp\libc_nano.a(libc_a-impure.o)
                              C:/ST/STM32CubeIDE_1.18.0/STM32CubeIDE/plugins/com.st.stm32cube.ide.mcu.externaltools.gnu-tools-for-stm32.13.3.rel1.win32_1.0.0.202411081344/tools/bin/../lib/gcc/arm-none-eabi/13.3.1/../../../../arm-none-eabi/lib/thumb/v7e-m/nofp\libc_nano.a(libc_a-reent.o) (_impure_ptr)
C:/ST/STM32CubeIDE_1.18.0/STM32CubeIDE/plugins/com.st.stm32cube.ide.mcu.externaltools.gnu-tools-for-stm32.13.3.rel1.win32_1.0.0.202411081344/tools/bin/../lib/gcc/arm-none-eabi/13.3.1/../../../../arm-none-eabi/lib/thumb/v7e-m/nofp\libc_nano.a(libc_a-lseekr.o)
[...]
Memory Configuration

Name             Origin             Length             Attributes
RAM              0x20000000         0x00020000         xrw
FLASH            0x08000000         0x00080000         xr
*default*        0x00000000         0xffffffff

Linker script and memory map

LOAD C:/ST/STM32CubeIDE_1.18.0/STM32CubeIDE/plugins/com.st.stm32cube.ide.mcu.externaltools.gnu-tools-for-stm32.13.3.rel1.win32_1.0.0.202411081344/tools/bin/../lib/gcc/arm-none-eabi/13.3.1/thumb/v7e-m/nofp/crti.o
LOAD C:/ST/STM32CubeIDE_1.18.0/STM32CubeIDE/plugins/com.st.stm32cube.ide.mcu.externaltools.gnu-tools-for-stm32.13.3.rel1.win32_1.0.0.202411081344/tools/bin/../lib/gcc/arm-none-eabi/13.3.1/thumb/v7e-m/nofp/crtbegin.o
LOAD C:/ST/STM32CubeIDE_1.18.0/STM32CubeIDE/plugins/com.st.stm32cube.ide.mcu.externaltools.gnu-tools-for-stm32.13.3.rel1.win32_1.0.0.202411081344/tools/bin/../lib/gcc/arm-none-eabi/13.3.1/../../../../arm-none-eabi/lib/thumb/v7e-m/nofp/crt0.o
LOAD ./Core/Src/DACSim.o
LOAD ./Core/Src/main.o
LOAD ./Core/Src/stm32g4xx_hal_iwdg.o
LOAD ./Core/Src/stm32g4xx_hal_msp.o
LOAD ./Core/Src/stm32g4xx_it.o
LOAD ./Core/Src/syscalls.o
LOAD ./Core/Src/sysmem.o
LOAD ./Core/Src/system_stm32g4xx.o
LOAD ./Core/Startup/startup_stm32g474retx.o
LOAD ./Drivers/STM32G4xx_HAL_Driver/Src/stm32g4xx_hal.o
LOAD ./Drivers/STM32G4xx_HAL_Driver/Src/stm32g4xx_hal_cortex.o
LOAD ./Drivers/STM32G4xx_HAL_Driver/Src/stm32g4xx_hal_dac.o
LOAD ./Drivers/STM32G4xx_HAL_Driver/Src/stm32g4xx_hal_dac_ex.o
LOAD ./Drivers/STM32G4xx_HAL_Driver/Src/stm32g4xx_hal_dma.o
LOAD ./Drivers/STM32G4xx_HAL_Driver/Src/stm32g4xx_hal_dma_ex.o
LOAD ./Drivers/STM32G4xx_HAL_Driver/Src/stm32g4xx_hal_exti.o
LOAD ./Drivers/STM32G4xx_HAL_Driver/Src/stm32g4xx_hal_flash.o
LOAD ./Drivers/STM32G4xx_HAL_Driver/Src/stm32g4xx_hal_flash_ex.o
LOAD ./Drivers/STM32G4xx_HAL_Driver/Src/stm32g4xx_hal_flash_ramfunc.o
LOAD ./Drivers/STM32G4xx_HAL_Driver/Src/stm32g4xx_hal_gpio.o
LOAD ./Drivers/STM32G4xx_HAL_Driver/Src/stm32g4xx_hal_opamp.o
LOAD ./Drivers/STM32G4xx_HAL_Driver/Src/stm32g4xx_hal_opamp_ex.o
LOAD ./Drivers/STM32G4xx_HAL_Driver/Src/stm32g4xx_hal_pwr.o
LOAD ./Drivers/STM32G4xx_HAL_Driver/Src/stm32g4xx_hal_pwr_ex.o
LOAD ./Drivers/STM32G4xx_HAL_Driver/Src/stm32g4xx_hal_rcc.o
LOAD ./Drivers/STM32G4xx_HAL_Driver/Src/stm32g4xx_hal_rcc_ex.o
LOAD ./Drivers/STM32G4xx_HAL_Driver/Src/stm32g4xx_hal_tim.o
LOAD ./Drivers/STM32G4xx_HAL_Driver/Src/stm32g4xx_hal_tim_ex.o
LOAD ./Drivers/STM32G4xx_HAL_Driver/Src/stm32g4xx_hal_uart.o
LOAD ./Drivers/STM32G4xx_HAL_Driver/Src/stm32g4xx_hal_uart_ex.o
START GROUP
LOAD C:/ST/STM32CubeIDE_1.18.0/STM32CubeIDE/plugins/com.st.stm32cube.ide.mcu.externaltools.gnu-tools-for-stm32.13.3.rel1.win32_1.0.0.202411081344/tools/bin/../lib/gcc/arm-none-eabi/13.3.1/../../../../arm-none-eabi/lib/thumb/v7e-m/nofp\libc_nano.a
LOAD C:/ST/STM32CubeIDE_1.18.0/STM32CubeIDE/plugins/com.st.stm32cube.ide.mcu.externaltools.gnu-tools-for-stm32.13.3.rel1.win32_1.0.0.202411081344/tools/bin/../lib/gcc/arm-none-eabi/13.3.1/../../../../arm-none-eabi/lib/thumb/v7e-m/nofp\libm.a
END GROUP
START GROUP
LOAD C:/ST/STM32CubeIDE_1.18.0/STM32CubeIDE/plugins/com.st.stm32cube.ide.mcu.externaltools.gnu-tools-for-stm32.13.3.rel1.win32_1.0.0.202411081344/tools/bin/../lib/gcc/arm-none-eabi/13.3.1/thumb/v7e-m/nofp\libgcc.a
LOAD C:/ST/STM32CubeIDE_1.18.0/STM32CubeIDE/plugins/com.st.stm32cube.ide.mcu.externaltools.gnu-tools-for-stm32.13.3.rel1.win32_1.0.0.202411081344/tools/bin/../lib/gcc/arm-none-eabi/13.3.1/../../../../arm-none-eabi/lib/thumb/v7e-m/nofp\libc_nano.a
END GROUP
START GROUP
LOAD C:/ST/STM32CubeIDE_1.18.0/STM32CubeIDE/plugins/com.st.stm32cube.ide.mcu.externaltools.gnu-tools-for-stm32.13.3.rel1.win32_1.0.0.202411081344/tools/bin/../lib/gcc/arm-none-eabi/13.3.1/thumb/v7e-m/nofp\libgcc.a
LOAD C:/ST/STM32CubeIDE_1.18.0/STM32CubeIDE/plugins/com.st.stm32cube.ide.mcu.externaltools.gnu-tools-for-stm32.13.3.rel1.win32_1.0.0.202411081344/tools/bin/../lib/gcc/arm-none-eabi/13.3.1/../../../../arm-none-eabi/lib/thumb/v7e-m/nofp\libc_nano.a
LOAD C:/ST/STM32CubeIDE_1.18.0/STM32CubeIDE/plugins/com.st.stm32cube.ide.mcu.externaltools.gnu-tools-for-stm32.13.3.rel1.win32_1.0.0.202411081344/tools/bin/../lib/gcc/arm-none-eabi/13.3.1/../../../../arm-none-eabi/lib/thumb/v7e-m/nofp\libnosys.a
END GROUP
START GROUP
LOAD C:/ST/STM32CubeIDE_1.18.0/STM32CubeIDE/plugins/com.st.stm32cube.ide.mcu.externaltools.gnu-tools-for-stm32.13.3.rel1.win32_1.0.0.202411081344/tools/bin/../lib/gcc/arm-none-eabi/13.3.1/thumb/v7e-m/nofp\libgcc.a
LOAD C:/ST/STM32CubeIDE_1.18.0/STM32CubeIDE/plugins/com.st.stm32cube.ide.mcu.externaltools.gnu-tools-for-stm32.13.3.rel1.win32_1.0.0.202411081344/tools/bin/../lib/gcc/arm-none-eabi/13.3.1/../../../../arm-none-eabi/lib/thumb/v7e-m/nofp\libc_nano.a
LOAD C:/ST/STM32CubeIDE_1.18.0/STM32CubeIDE/plugins/com.st.stm32cube.ide.mcu.externaltools.gnu-tools-for-stm32.13.3.rel1.win32_1.0.0.202411081344/tools/bin/../lib/gcc/arm-none-eabi/13.3.1/../../../../arm-none-eabi/lib/thumb/v7e-m/nofp\libnosys.a
END GROUP
LOAD C:/ST/STM32CubeIDE_1.18.0/STM32CubeIDE/plugins/com.st.stm32cube.ide.mcu.externaltools.gnu-tools-for-stm32.13.3.rel1.win32_1.0.0.202411081344/tools/bin/../lib/gcc/arm-none-eabi/13.3.1/thumb/v7e-m/nofp/crtend.o
LOAD C:/ST/STM32CubeIDE_1.18.0/STM32CubeIDE/plugins/com.st.stm32cube.ide.mcu.externaltools.gnu-tools-for-stm32.13.3.rel1.win32_1.0.0.202411081344/tools/bin/../lib/gcc/arm-none-eabi/13.3.1/thumb/v7e-m/nofp/crtn.o
                0x20020000                        _estack = (ORIGIN (RAM) + LENGTH (RAM))
                0x00000200                        _Min_Heap_Size = 0x200
                0x00000400                        _Min_Stack_Size = 0x400

.isr_vector     0x08000000      0x1d8
                0x08000000                        . = ALIGN (0x4)
 *(.isr_vector)
 .isr_vector    0x08000000      0x1d8 ./Core/Startup/startup_stm32g474retx.o
                0x08000000                g_pfnVectors
                0x080001d8                        . = ALIGN (0x4)

.text           0x080001d8     0x6348
                0x080001d8                        . = ALIGN (0x4)
 *(.text)
 .text          0x080001d8       0x40 C:/ST/STM32CubeIDE_1.18.0/STM32CubeIDE/plugins/com.st.stm32cube.ide.mcu.externaltools.gnu-tools-for-stm32.13.3.rel1.win32_1.0.0.202411081344/tools/bin/../lib/gcc/arm-none-eabi/13.3.1/thumb/v7e-m/nofp/crtbegin.o
 .text          0x08000218       0x30 C:/ST/STM32CubeIDE_1.18.0/STM32CubeIDE/plugins/com.st.stm32cube.ide.mcu.externaltools.gnu-tools-for-stm32.13.3.rel1.win32_1.0.0.202411081344/tools/bin/../lib/gcc/arm-none-eabi/13.3.1/thumb/v7e-m/nofp\libgcc.a(_aeabi_uldivmod.o)
                0x08000218                __aeabi_uldivmod
 .text          0x08000248      0x2f8 C:/ST/STM32CubeIDE_1.18.0/STM32CubeIDE/plugins/com.st.stm32cube.ide.mcu.externaltools.gnu-tools-for-stm32.13.3.rel1.win32_1.0.0.202411081344/tools/bin/../lib/gcc/arm-none-eabi/13.3.1/thumb/v7e-m/nofp\libgcc.a(_udivmoddi4.o)
                0x08000248                __udivmoddi4
 .text          0x08000540        0x4 C:/ST/STM32CubeIDE_1.18.0/STM32CubeIDE/plugins/com.st.stm32cube.ide.mcu.externaltools.gnu-tools-for-stm32.13.3.rel1.win32_1.0.0.202411081344/tools/bin/../lib/gcc/arm-none-eabi/13.3.1/thumb/v7e-m/nofp\libgcc.a(_dvmd_tls.o)
                0x08000540                __aeabi_idiv0
                0x08000540                __aeabi_ldiv0
 *(.text*)
 .text.FWC_Start
                0x08000544       0x66 ./Core/Src/DACSim.o
                0x08000544                FWC_Start
 *fill*         0x080005aa        0x2 
 .text.SysInit  0x080005ac      0x108 ./Core/Src/DACSim.o
                0x080005ac                SysInit
 .text.LoopMain
                0x080006b4       0x34 ./Core/Src/DACSim.o
                0x080006b4                LoopMain
 .text.WatchdogInit
                0x080006e8       0x34 ./Core/Src/DACSim.o
                0x080006e8                WatchdogInit
 .text.LEDsInit
                0x0800071c       0x3c ./Core/Src/DACSim.o
                0x0800071c                LEDsInit
 .text.WatchdogReset
                0x08000758       0x14 ./Core/Src/DACSim.o
                0x08000758                WatchdogReset
 .text.LOG_Msg  0x0800076c       0x28 ./Core/Src/DACSim.o
                0x0800076c                LOG_Msg
 .text.TIM3_Callback
                0x08000794       0x20 ./Core/Src/DACSim.o
                0x08000794                TIM3_Callback
 .text.EXTI_ButtonIRQHandler
                0x080007b4       0x50 ./Core/Src/DACSim.o
                0x080007b4                EXTI_ButtonIRQHandler
 .text.PrintStatus
                0x08000804      0x140 ./Core/Src/DACSim.o
                0x08000804                PrintStatus
 .text.main     0x08000944       0x4a ./Core/Src/main.o
                0x08000944                main
 .text.SystemClock_Config
                0x0800098e       0x96 ./Core/Src/main.o
                0x0800098e                SystemClock_Config
 .text.MX_DAC1_Init
                0x08000a24       0x88 ./Core/Src/main.o
 .text.MX_DAC2_Init
                0x08000aac       0x74 ./Core/Src/main.o
 .text.MX_DAC3_Init
                0x08000b20       0x88 ./Core/Src/main.o
 .text.MX_DAC4_Init
                0x08000ba8       0x74 ./Core/Src/main.o
 .text.MX_OPAMP1_Init
                0x08000c1c       0x4c ./Core/Src/main.o
 .text.MX_OPAMP3_Init
                0x08000c68       0x4c ./Core/Src/main.o
 .text.MX_OPAMP4_Init
                0x08000cb4       0x4c ./Core/Src/main.o
 .text.MX_TIM2_Init
                0x08000d00       0x98 ./Core/Src/main.o
 .text.MX_TIM3_Init
                0x08000d98       0xa0 ./Core/Src/main.o
 .text.MX_TIM8_Init
                0x08000e38      0x148 ./Core/Src/main.o
 .text.MX_UART5_Init
                0x08000f80       0x98 ./Core/Src/main.o
 .text.MX_DMA_Init
                0x08001018       0xa4 ./Core/Src/main.o
 .text.MX_GPIO_Init
                0x080010bc       0xcc ./Core/Src/main.o
 .text.Error_Handler
                0x08001188        0xc ./Core/Src/main.o
                0x08001188                Error_Handler
 .text.HAL_IWDG_Init
                0x08001194       0x9e ./Core/Src/stm32g4xx_hal_iwdg.o
                0x08001194                HAL_IWDG_Init
 .text.HAL_IWDG_Refresh
                0x08001232       0x1e ./Core/Src/stm32g4xx_hal_iwdg.o
                0x08001232                HAL_IWDG_Refresh
 .text.HAL_MspInit
                0x08001250       0x48 ./Core/Src/stm32g4xx_hal_msp.o
                0x08001250                HAL_MspInit
 .text.HAL_DAC_MspInit
                0x08001298      0x360 ./Core/Src/stm32g4xx_hal_msp.o
                0x08001298                HAL_DAC_MspInit
 .text.HAL_OPAMP_MspInit
                0x080015f8       0xec ./Core/Src/stm32g4xx_hal_msp.o
                0x080015f8                HAL_OPAMP_MspInit
 .text.HAL_TIM_Base_MspInit
                0x080016e4       0x70 ./Core/Src/stm32g4xx_hal_msp.o
                0x080016e4                HAL_TIM_Base_MspInit
 .text.HAL_TIM_PWM_MspInit
                0x08001754       0x3c ./Core/Src/stm32g4xx_hal_msp.o
                0x08001754                HAL_TIM_PWM_MspInit
 .text.HAL_TIM_MspPostInit
                0x08001790       0x70 ./Core/Src/stm32g4xx_hal_msp.o
                0x08001790                HAL_TIM_MspPostInit
 .text.HAL_UART_MspInit
                0x08001800       0xf0 ./Core/Src/stm32g4xx_hal_msp.o
                0x08001800                HAL_UART_MspInit
 .text.NMI_Handler
                0x080018f0        0x8 ./Core/Src/stm32g4xx_it.o
                0x080018f0                NMI_Handler
 .text.HardFault_Handler
                0x080018f8        0x8 ./Core/Src/stm32g4xx_it.o
                0x080018f8                HardFault_Handler
 .text.MemManage_Handler
                0x08001900        0x8 ./Core/Src/stm32g4xx_it.o
                0x08001900                MemManage_Handler
 .text.BusFault_Handler
                0x08001908        0x8 ./Core/Src/stm32g4xx_it.o
                0x08001908                BusFault_Handler
 .text.UsageFault_Handler
                0x08001910        0x8 ./Core/Src/stm32g4xx_it.o
                0x08001910                UsageFault_Handler
 .text.SVC_Handler
                0x08001918        0xc ./Core/Src/stm32g4xx_it.o
                0x08001918                SVC_Handler
 .text.DebugMon_Handler
                0x08001924        0xc ./Core/Src/stm32g4xx_it.o
                0x08001924                DebugMon_Handler
 .text.PendSV_Handler
                0x08001930        0xc ./Core/Src/stm32g4xx_it.o
                0x08001930                PendSV_Handler
 .text.SysTick_Handler
                0x0800193c        0xc ./Core/Src/stm32g4xx_it.o
                0x0800193c                SysTick_Handler
 .text.DMA1_Channel1_IRQHandler
                0x08001948       0x14 ./Core/Src/stm32g4xx_it.o
                0x08001948                DMA1_Channel1_IRQHandler
 .text.DMA1_Channel2_IRQHandler
                0x0800195c       0x14 ./Core/Src/stm32g4xx_it.o
                0x0800195c                DMA1_Channel2_IRQHandler
 .text.DMA1_Channel3_IRQHandler
                0x08001970       0x14 ./Core/Src/stm32g4xx_it.o
                0x08001970                DMA1_Channel3_IRQHandler
 .text.DMA1_Channel4_IRQHandler
                0x08001984       0x14 ./Core/Src/stm32g4xx_it.o
                0x08001984                DMA1_Channel4_IRQHandler
 .text.DMA1_Channel5_IRQHandler
                0x08001998       0x14 ./Core/Src/stm32g4xx_it.o
                0x08001998                DMA1_Channel5_IRQHandler
 .text.DMA1_Channel6_IRQHandler
                0x080019ac       0x14 ./Core/Src/stm32g4xx_it.o
                0x080019ac                DMA1_Channel6_IRQHandler
 .text.TIM3_IRQHandler
                0x080019c0       0x18 ./Core/Src/stm32g4xx_it.o
                0x080019c0                TIM3_IRQHandler
 .text.EXTI15_10_IRQHandler
                0x080019d8       0x14 ./Core/Src/stm32g4xx_it.o
                0x080019d8                EXTI15_10_IRQHandler
 .text.SystemInit
                0x080019ec        0xc ./Core/Src/system_stm32g4xx.o
                0x080019ec                SystemInit
 .text.Reset_Handler
                0x080019f8       0x50 ./Core/Startup/startup_stm32g474retx.o
                0x080019f8                Reset_Handler
 .text.Default_Handler
                0x08001a48        0x2 ./Core/Startup/startup_stm32g474retx.o
                0x08001a48                RTC_Alarm_IRQHandler
                0x08001a48                EXTI2_IRQHandler
                0x08001a48                TIM8_TRG_COM_IRQHandler
                0x08001a48                TIM8_CC_IRQHandler
                0x08001a48                HRTIM1_Master_IRQHandler
                0x08001a48                SPI4_IRQHandler
                0x08001a48                FDCAN3_IT0_IRQHandler
                0x08001a48                TIM1_CC_IRQHandler
                0x08001a48                HRTIM1_FLT_IRQHandler
                0x08001a48                HRTIM1_TIMF_IRQHandler
                0x08001a48                USB_HP_IRQHandler
                0x08001a48                CORDIC_IRQHandler
                0x08001a48                HRTIM1_TIMD_IRQHandler
                0x08001a48                DMA2_Channel8_IRQHandler
                0x08001a48                EXTI3_IRQHandler
                0x08001a48                I2C3_ER_IRQHandler
                0x08001a48                EXTI0_IRQHandler
                0x08001a48                I2C2_EV_IRQHandler
                0x08001a48                FPU_IRQHandler
                0x08001a48                FDCAN1_IT1_IRQHandler
                0x08001a48                TIM1_UP_TIM16_IRQHandler
                0x08001a48                ADC1_2_IRQHandler
                0x08001a48                HRTIM1_TIME_IRQHandler
                0x08001a48                SPI1_IRQHandler
                0x08001a48                TIM6_DAC_IRQHandler
                0x08001a48                HRTIM1_TIMC_IRQHandler
                0x08001a48                TIM8_UP_IRQHandler
                0x08001a48                DMA2_Channel2_IRQHandler
                0x08001a48                TIM20_TRG_COM_IRQHandler
                0x08001a48                USART3_IRQHandler
                0x08001a48                DMA1_Channel7_IRQHandler
                0x08001a48                UART5_IRQHandler
                0x08001a48                ADC3_IRQHandler
                0x08001a48                TIM4_IRQHandler
                0x08001a48                DMA2_Channel1_IRQHandler
                0x08001a48                QUADSPI_IRQHandler
                0x08001a48                I2C1_EV_IRQHandler
                0x08001a48                UART4_IRQHandler
                0x08001a48                DMA2_Channel4_IRQHandler
                0x08001a48                RCC_IRQHandler
                0x08001a48                TIM20_UP_IRQHandler
                0x08001a48                Default_Handler
                0x08001a48                DMA2_Channel7_IRQHandler
                0x08001a48                RTC_TAMP_LSECSS_IRQHandler
                0x08001a48                FMAC_IRQHandler
                0x08001a48                DMA1_Channel8_IRQHandler
                0x08001a48                HRTIM1_TIMA_IRQHandler
                0x08001a48                TIM7_DAC_IRQHandler
                0x08001a48                FDCAN3_IT1_IRQHandler
                0x08001a48                TIM5_IRQHandler
                0x08001a48                UCPD1_IRQHandler
                0x08001a48                I2C3_EV_IRQHandler
                0x08001a48                EXTI9_5_IRQHandler
                0x08001a48                RTC_WKUP_IRQHandler
                0x08001a48                PVD_PVM_IRQHandler
                0x08001a48                SPI2_IRQHandler
                0x08001a48                ADC5_IRQHandler
                0x08001a48                DMA2_Channel5_IRQHandler
                0x08001a48                CRS_IRQHandler
                0x08001a48                USB_LP_IRQHandler
                0x08001a48                EXTI4_IRQHandler
                0x08001a48                RNG_IRQHandler
                0x08001a48                HRTIM1_TIMB_IRQHandler
                0x08001a48                TIM1_TRG_COM_TIM17_IRQHandler
                0x08001a48                FDCAN2_IT1_IRQHandler
                0x08001a48                ADC4_IRQHandler
                0x08001a48                WWDG_IRQHandler
                0x08001a48                I2C4_EV_IRQHandler
                0x08001a48                FDCAN2_IT0_IRQHandler
                0x08001a48                LPUART1_IRQHandler
                0x08001a48                DMA2_Channel6_IRQHandler
                0x08001a48                FDCAN1_IT0_IRQHandler
                0x08001a48                TIM2_IRQHandler
                0x08001a48                COMP7_IRQHandler
                0x08001a48                COMP1_2_3_IRQHandler
                0x08001a48                EXTI1_IRQHandler
                0x08001a48                USART2_IRQHandler
                0x08001a48                COMP4_5_6_IRQHandler
                0x08001a48                TIM20_BRK_IRQHandler
                0x08001a48                I2C2_ER_IRQHandler
                0x08001a48                TIM8_BRK_IRQHandler
                0x08001a48                FLASH_IRQHandler
                0x08001a48                TIM20_CC_IRQHandler
                0x08001a48                USART1_IRQHandler
                0x08001a48                SPI3_IRQHandler
                0x08001a48                I2C1_ER_IRQHandler
                0x08001a48                FMC_IRQHandler
                0x08001a48                LPTIM1_IRQHandler
                0x08001a48                DMAMUX_OVR_IRQHandler
                0x08001a48                I2C4_ER_IRQHandler
                0x08001a48                USBWakeUp_IRQHandler
                0x08001a48                SAI1_IRQHandler
                0x08001a48                DMA2_Channel3_IRQHandler
                0x08001a48                TIM1_BRK_TIM15_IRQHandler
 *fill*         0x08001a4a        0x2 
 .text.HAL_Init
                0x08001a4c       0x40 ./Drivers/STM32G4xx_HAL_Driver/Src/stm32g4xx_hal.o
                0x08001a4c                HAL_Init
 .text.HAL_InitTick
                0x08001a8c       0x74 ./Drivers/STM32G4xx_HAL_Driver/Src/stm32g4xx_hal.o
                0x08001a8c                HAL_InitTick
 .text.HAL_IncTick
                0x08001b00       0x24 ./Drivers/STM32G4xx_HAL_Driver/Src/stm32g4xx_hal.o
                0x08001b00                HAL_IncTick
 .text.HAL_GetTick
                0x08001b24       0x14 ./Drivers/STM32G4xx_HAL_Driver/Src/stm32g4xx_hal.o
                0x08001b24                HAL_GetTick
 .text.HAL_Delay
                0x08001b38       0x44 ./Drivers/STM32G4xx_HAL_Driver/Src/stm32g4xx_hal.o
                0x08001b38                HAL_Delay
 .text.__NVIC_SetPriorityGrouping
                0x08001b7c       0x48 ./Drivers/STM32G4xx_HAL_Driver/Src/stm32g4xx_hal_cortex.o
 .text.__NVIC_GetPriorityGrouping
                0x08001bc4       0x1c ./Drivers/STM32G4xx_HAL_Driver/Src/stm32g4xx_hal_cortex.o
 .text.__NVIC_EnableIRQ
                0x08001be0       0x38 ./Drivers/STM32G4xx_HAL_Driver/Src/stm32g4xx_hal_cortex.o
 .text.__NVIC_SetPriority
                0x08001c18       0x54 ./Drivers/STM32G4xx_HAL_Driver/Src/stm32g4xx_hal_cortex.o
 .text.NVIC_EncodePriority
                0x08001c6c       0x64 ./Drivers/STM32G4xx_HAL_Driver/Src/stm32g4xx_hal_cortex.o
 .text.SysTick_Config
                0x08001cd0       0x44 ./Drivers/STM32G4xx_HAL_Driver/Src/stm32g4xx_hal_cortex.o
 .text.HAL_NVIC_SetPriorityGrouping
                0x08001d14       0x16 ./Drivers/STM32G4xx_HAL_Driver/Src/stm32g4xx_hal_cortex.o
                0x08001d14                HAL_NVIC_SetPriorityGrouping
 .text.HAL_NVIC_SetPriority
                0x08001d2a       0x34 ./Drivers/STM32G4xx_HAL_Driver/Src/stm32g4xx_hal_cortex.o
                0x08001d2a                HAL_NVIC_SetPriority
 .text.HAL_NVIC_EnableIRQ
                0x08001d5e       0x1c ./Drivers/STM32G4xx_HAL_Driver/Src/stm32g4xx_hal_cortex.o
                0x08001d5e                HAL_NVIC_EnableIRQ
 .text.HAL_SYSTICK_Config
                0x08001d7a       0x18 ./Drivers/STM32G4xx_HAL_Driver/Src/stm32g4xx_hal_cortex.o
                0x08001d7a                HAL_SYSTICK_Config
 .text.HAL_DAC_Init
                0x08001d92       0x44 ./Drivers/STM32G4xx_HAL_Driver/Src/stm32g4xx_hal_dac.o
                0x08001d92                HAL_DAC_Init
 *fill*         0x08001dd6        0x2 
 .text.HAL_DAC_Start_DMA
                0x08001dd8      0x1a8 ./Drivers/STM32G4xx_HAL_Driver/Src/stm32g4xx_hal_dac.o
                0x08001dd8                HAL_DAC_Start_DMA
 .text.HAL_DAC_ConvCpltCallbackCh1
                0x08001f80       0x12 ./Drivers/STM32G4xx_HAL_Driver/Src/stm32g4xx_hal_dac.o
                0x08001f80                HAL_DAC_ConvCpltCallbackCh1
 .text.HAL_DAC_ConvHalfCpltCallbackCh1
                0x08001f92       0x12 ./Drivers/STM32G4xx_HAL_Driver/Src/stm32g4xx_hal_dac.o
                0x08001f92                HAL_DAC_ConvHalfCpltCallbackCh1
 .text.HAL_DAC_ErrorCallbackCh1
                0x08001fa4       0x12 ./Drivers/STM32G4xx_HAL_Driver/Src/stm32g4xx_hal_dac.o
                0x08001fa4                HAL_DAC_ErrorCallbackCh1
 *fill*         0x08001fb6        0x2 
 .text.HAL_DAC_ConfigChannel
                0x08001fb8      0x370 ./Drivers/STM32G4xx_HAL_Driver/Src/stm32g4xx_hal_dac.o
                0x08001fb8                HAL_DAC_ConfigChannel
 .text.DAC_DMAConvCpltCh1
                0x08002328       0x22 ./Drivers/STM32G4xx_HAL_Driver/Src/stm32g4xx_hal_dac.o
                0x08002328                DAC_DMAConvCpltCh1
 .text.DAC_DMAHalfConvCpltCh1
                0x0800234a       0x1c ./Drivers/STM32G4xx_HAL_Driver/Src/stm32g4xx_hal_dac.o
                0x0800234a                DAC_DMAHalfConvCpltCh1
 .text.DAC_DMAErrorCh1
                0x08002366       0x2e ./Drivers/STM32G4xx_HAL_Driver/Src/stm32g4xx_hal_dac.o
                0x08002366                DAC_DMAErrorCh1
 .text.HAL_DACEx_ConvCpltCallbackCh2
                0x08002394       0x12 ./Drivers/STM32G4xx_HAL_Driver/Src/stm32g4xx_hal_dac_ex.o
                0x08002394                HAL_DACEx_ConvCpltCallbackCh2
 .text.HAL_DACEx_ConvHalfCpltCallbackCh2
                0x080023a6       0x12 ./Drivers/STM32G4xx_HAL_Driver/Src/stm32g4xx_hal_dac_ex.o
                0x080023a6                HAL_DACEx_ConvHalfCpltCallbackCh2
 .text.HAL_DACEx_ErrorCallbackCh2
                0x080023b8       0x12 ./Drivers/STM32G4xx_HAL_Driver/Src/stm32g4xx_hal_dac_ex.o
                0x080023b8                HAL_DACEx_ErrorCallbackCh2
 .text.DAC_DMAConvCpltCh2
                0x080023ca       0x22 ./Drivers/STM32G4xx_HAL_Driver/Src/stm32g4xx_hal_dac_ex.o
                0x080023ca                DAC_DMAConvCpltCh2
 .text.DAC_DMAHalfConvCpltCh2
                0x080023ec       0x1c ./Drivers/STM32G4xx_HAL_Driver/Src/stm32g4xx_hal_dac_ex.o
                0x080023ec                DAC_DMAHalfConvCpltCh2
 .text.DAC_DMAErrorCh2
                0x08002408       0x2e ./Drivers/STM32G4xx_HAL_Driver/Src/stm32g4xx_hal_dac_ex.o
                0x08002408                DAC_DMAErrorCh2
 *fill*         0x08002436        0x2 
 .text.HAL_DMA_Init
                0x08002438      0x150 ./Drivers/STM32G4xx_HAL_Driver/Src/stm32g4xx_hal_dma.o
                0x08002438                HAL_DMA_Init
 .text.HAL_DMA_Start_IT
                0x08002588       0xf6 ./Drivers/STM32G4xx_HAL_Driver/Src/stm32g4xx_hal_dma.o
                0x08002588                HAL_DMA_Start_IT
 .text.HAL_DMA_IRQHandler
                0x0800267e      0x15e ./Drivers/STM32G4xx_HAL_Driver/Src/stm32g4xx_hal_dma.o
                0x0800267e                HAL_DMA_IRQHandler
 .text.DMA_SetConfig
                0x080027dc       0x7a ./Drivers/STM32G4xx_HAL_Driver/Src/stm32g4xx_hal_dma.o
 *fill*         0x08002856        0x2 
 .text.DMA_CalcDMAMUXChannelBaseAndMask
                0x08002858       0x78 ./Drivers/STM32G4xx_HAL_Driver/Src/stm32g4xx_hal_dma.o
 .text.DMA_CalcDMAMUXRequestGenBaseAndMask
                0x080028d0       0x48 ./Drivers/STM32G4xx_HAL_Driver/Src/stm32g4xx_hal_dma.o
 .text.HAL_GPIO_Init
                0x08002918      0x304 ./Drivers/STM32G4xx_HAL_Driver/Src/stm32g4xx_hal_gpio.o
                0x08002918                HAL_GPIO_Init
 .text.HAL_GPIO_EXTI_IRQHandler
                0x08002c1c       0x30 ./Drivers/STM32G4xx_HAL_Driver/Src/stm32g4xx_hal_gpio.o
                0x08002c1c                HAL_GPIO_EXTI_IRQHandler
 .text.HAL_GPIO_EXTI_Callback
                0x08002c4c       0x14 ./Drivers/STM32G4xx_HAL_Driver/Src/stm32g4xx_hal_gpio.o
                0x08002c4c                HAL_GPIO_EXTI_Callback
 .text.HAL_OPAMP_Init
                0x08002c60      0x1a0 ./Drivers/STM32G4xx_HAL_Driver/Src/stm32g4xx_hal_opamp.o
                0x08002c60                HAL_OPAMP_Init
 .text.HAL_OPAMP_Start
                0x08002e00       0x60 ./Drivers/STM32G4xx_HAL_Driver/Src/stm32g4xx_hal_opamp.o
                0x08002e00                HAL_OPAMP_Start
 .text.HAL_PWREx_ControlVoltageScaling
                0x08002e60      0x148 ./Drivers/STM32G4xx_HAL_Driver/Src/stm32g4xx_hal_pwr_ex.o
                0x08002e60                HAL_PWREx_ControlVoltageScaling
 .text.HAL_PWREx_DisableUCPDDeadBattery
                0x08002fa8       0x1c ./Drivers/STM32G4xx_HAL_Driver/Src/stm32g4xx_hal_pwr_ex.o
                0x08002fa8                HAL_PWREx_DisableUCPDDeadBattery
 .text.HAL_RCC_OscConfig
                0x08002fc4      0x624 ./Drivers/STM32G4xx_HAL_Driver/Src/stm32g4xx_hal_rcc.o
                0x08002fc4                HAL_RCC_OscConfig
 .text.HAL_RCC_ClockConfig
                0x080035e8      0x278 ./Drivers/STM32G4xx_HAL_Driver/Src/stm32g4xx_hal_rcc.o
                0x080035e8                HAL_RCC_ClockConfig
 .text.HAL_RCC_GetSysClockFreq
                0x08003860       0xc0 ./Drivers/STM32G4xx_HAL_Driver/Src/stm32g4xx_hal_rcc.o
                0x08003860                HAL_RCC_GetSysClockFreq
 .text.HAL_RCC_GetHCLKFreq
                0x08003920       0x14 ./Drivers/STM32G4xx_HAL_Driver/Src/stm32g4xx_hal_rcc.o
                0x08003920                HAL_RCC_GetHCLKFreq
 .text.HAL_RCC_GetPCLK1Freq
                0x08003934       0x2c ./Drivers/STM32G4xx_HAL_Driver/Src/stm32g4xx_hal_rcc.o
                0x08003934                HAL_RCC_GetPCLK1Freq
 .text.HAL_RCC_GetPCLK2Freq
                0x08003960       0x2c ./Drivers/STM32G4xx_HAL_Driver/Src/stm32g4xx_hal_rcc.o
                0x08003960                HAL_RCC_GetPCLK2Freq
 .text.RCC_GetSysClockFreqFromPLLSource
                0x0800398c       0x8c ./Drivers/STM32G4xx_HAL_Driver/Src/stm32g4xx_hal_rcc.o
 .text.HAL_RCCEx_PeriphCLKConfig
                0x08003a18      0x49c ./Drivers/STM32G4xx_HAL_Driver/Src/stm32g4xx_hal_rcc_ex.o
                0x08003a18                HAL_RCCEx_PeriphCLKConfig
 .text.HAL_TIM_Base_Init
                0x08003eb4       0xae ./Drivers/STM32G4xx_HAL_Driver/Src/stm32g4xx_hal_tim.o
                0x08003eb4                HAL_TIM_Base_Init
 *fill*         0x08003f62        0x2 
 .text.HAL_TIM_Base_Start
                0x08003f64       0xdc ./Drivers/STM32G4xx_HAL_Driver/Src/stm32g4xx_hal_tim.o
                0x08003f64                HAL_TIM_Base_Start
 .text.HAL_TIM_Base_Start_IT
                0x08004040       0xec ./Drivers/STM32G4xx_HAL_Driver/Src/stm32g4xx_hal_tim.o
                0x08004040                HAL_TIM_Base_Start_IT
 .text.HAL_TIM_PWM_Init
                0x0800412c       0xae ./Drivers/STM32G4xx_HAL_Driver/Src/stm32g4xx_hal_tim.o
                0x0800412c                HAL_TIM_PWM_Init
 .text.HAL_TIM_OnePulse_Init
                0x080041da       0xa0 ./Drivers/STM32G4xx_HAL_Driver/Src/stm32g4xx_hal_tim.o
                0x080041da                HAL_TIM_OnePulse_Init
 .text.HAL_TIM_OnePulse_MspInit
                0x0800427a       0x12 ./Drivers/STM32G4xx_HAL_Driver/Src/stm32g4xx_hal_tim.o
                0x0800427a                HAL_TIM_OnePulse_MspInit
 .text.HAL_TIM_IRQHandler
                0x0800428c      0x29e ./Drivers/STM32G4xx_HAL_Driver/Src/stm32g4xx_hal_tim.o
                0x0800428c                HAL_TIM_IRQHandler
 *fill*         0x0800452a        0x2 
 .text.HAL_TIM_PWM_ConfigChannel
                0x0800452c      0x228 ./Drivers/STM32G4xx_HAL_Driver/Src/stm32g4xx_hal_tim.o
                0x0800452c                HAL_TIM_PWM_ConfigChannel
 .text.HAL_TIM_ConfigClockSource
                0x08004754      0x22c ./Drivers/STM32G4xx_HAL_Driver/Src/stm32g4xx_hal_tim.o
                0x08004754                HAL_TIM_ConfigClockSource
 .text.HAL_TIM_PeriodElapsedCallback
                0x08004980       0x12 ./Drivers/STM32G4xx_HAL_Driver/Src/stm32g4xx_hal_tim.o
                0x08004980                HAL_TIM_PeriodElapsedCallback
 .text.HAL_TIM_OC_DelayElapsedCallback
                0x08004992       0x12 ./Drivers/STM32G4xx_HAL_Driver/Src/stm32g4xx_hal_tim.o
                0x08004992                HAL_TIM_OC_DelayElapsedCallback
 .text.HAL_TIM_IC_CaptureCallback
                0x080049a4       0x12 ./Drivers/STM32G4xx_HAL_Driver/Src/stm32g4xx_hal_tim.o
                0x080049a4                HAL_TIM_IC_CaptureCallback
 .text.HAL_TIM_PWM_PulseFinishedCallback
                0x080049b6       0x12 ./Drivers/STM32G4xx_HAL_Driver/Src/stm32g4xx_hal_tim.o
                0x080049b6                HAL_TIM_PWM_PulseFinishedCallback
 .text.HAL_TIM_TriggerCallback
                0x080049c8       0x12 ./Drivers/STM32G4xx_HAL_Driver/Src/stm32g4xx_hal_tim.o
                0x080049c8                HAL_TIM_TriggerCallback
 *fill*         0x080049da        0x2 
 .text.TIM_Base_SetConfig
                0x080049dc      0x164 ./Drivers/STM32G4xx_HAL_Driver/Src/stm32g4xx_hal_tim.o
                0x080049dc                TIM_Base_SetConfig
 .text.TIM_OC1_SetConfig
                0x08004b40      0x134 ./Drivers/STM32G4xx_HAL_Driver/Src/stm32g4xx_hal_tim.o
 .text.TIM_OC2_SetConfig
                0x08004c74      0x124 ./Drivers/STM32G4xx_HAL_Driver/Src/stm32g4xx_hal_tim.o
                0x08004c74                TIM_OC2_SetConfig
 .text.TIM_OC3_SetConfig
                0x08004d98      0x124 ./Drivers/STM32G4xx_HAL_Driver/Src/stm32g4xx_hal_tim.o
 .text.TIM_OC4_SetConfig
                0x08004ebc      0x124 ./Drivers/STM32G4xx_HAL_Driver/Src/stm32g4xx_hal_tim.o
 .text.TIM_OC5_SetConfig
                0x08004fe0       0xd4 ./Drivers/STM32G4xx_HAL_Driver/Src/stm32g4xx_hal_tim.o
 .text.TIM_OC6_SetConfig
                0x080050b4       0xd4 ./Drivers/STM32G4xx_HAL_Driver/Src/stm32g4xx_hal_tim.o
 .text.TIM_TI1_ConfigInputStage
                0x08005188       0x5c ./Drivers/STM32G4xx_HAL_Driver/Src/stm32g4xx_hal_tim.o
 .text.TIM_TI2_ConfigInputStage
                0x080051e4       0x5e ./Drivers/STM32G4xx_HAL_Driver/Src/stm32g4xx_hal_tim.o
 .text.TIM_ITRx_SetConfig
                0x08005242       0x38 ./Drivers/STM32G4xx_HAL_Driver/Src/stm32g4xx_hal_tim.o
 .text.TIM_ETR_SetConfig
                0x0800527a       0x3e ./Drivers/STM32G4xx_HAL_Driver/Src/stm32g4xx_hal_tim.o
                0x0800527a                TIM_ETR_SetConfig
 .text.TIM_CCxChannelCmd
                0x080052b8       0x48 ./Drivers/STM32G4xx_HAL_Driver/Src/stm32g4xx_hal_tim.o
                0x080052b8                TIM_CCxChannelCmd
 .text.HAL_TIMEx_OnePulseN_Start
                0x08005300       0xaa ./Drivers/STM32G4xx_HAL_Driver/Src/stm32g4xx_hal_tim_ex.o
                0x08005300                HAL_TIMEx_OnePulseN_Start
 *fill*         0x080053aa        0x2 
 .text.HAL_TIMEx_MasterConfigSynchronization
                0x080053ac      0x128 ./Drivers/STM32G4xx_HAL_Driver/Src/stm32g4xx_hal_tim_ex.o
                0x080053ac                HAL_TIMEx_MasterConfigSynchronization
 .text.HAL_TIMEx_ConfigBreakDeadTime
                0x080054d4      0x124 ./Drivers/STM32G4xx_HAL_Driver/Src/stm32g4xx_hal_tim_ex.o
                0x080054d4                HAL_TIMEx_ConfigBreakDeadTime
 .text.HAL_TIMEx_CommutCallback
                0x080055f8       0x12 ./Drivers/STM32G4xx_HAL_Driver/Src/stm32g4xx_hal_tim_ex.o
                0x080055f8                HAL_TIMEx_CommutCallback
 .text.HAL_TIMEx_BreakCallback
                0x0800560a       0x12 ./Drivers/STM32G4xx_HAL_Driver/Src/stm32g4xx_hal_tim_ex.o
                0x0800560a                HAL_TIMEx_BreakCallback
 .text.HAL_TIMEx_Break2Callback
                0x0800561c       0x12 ./Drivers/STM32G4xx_HAL_Driver/Src/stm32g4xx_hal_tim_ex.o
                0x0800561c                HAL_TIMEx_Break2Callback
 .text.HAL_TIMEx_EncoderIndexCallback
                0x0800562e       0x12 ./Drivers/STM32G4xx_HAL_Driver/Src/stm32g4xx_hal_tim_ex.o
                0x0800562e                HAL_TIMEx_EncoderIndexCallback
 .text.HAL_TIMEx_DirectionChangeCallback
                0x08005640       0x12 ./Drivers/STM32G4xx_HAL_Driver/Src/stm32g4xx_hal_tim_ex.o
                0x08005640                HAL_TIMEx_DirectionChangeCallback
 .text.HAL_TIMEx_IndexErrorCallback
                0x08005652       0x12 ./Drivers/STM32G4xx_HAL_Driver/Src/stm32g4xx_hal_tim_ex.o
                0x08005652                HAL_TIMEx_IndexErrorCallback
 .text.HAL_TIMEx_TransitionErrorCallback
                0x08005664       0x12 ./Drivers/STM32G4xx_HAL_Driver/Src/stm32g4xx_hal_tim_ex.o
                0x08005664                HAL_TIMEx_TransitionErrorCallback
 .text.TIM_CCxNChannelCmd
                0x08005676       0x48 ./Drivers/STM32G4xx_HAL_Driver/Src/stm32g4xx_hal_tim_ex.o
 .text.HAL_UART_Init
                0x080056be       0xa0 ./Drivers/STM32G4xx_HAL_Driver/Src/stm32g4xx_hal_uart.o
                0x080056be                HAL_UART_Init
 .text.HAL_UART_Transmit
                0x0800575e      0x11c ./Drivers/STM32G4xx_HAL_Driver/Src/stm32g4xx_hal_uart.o
                0x0800575e                HAL_UART_Transmit
 *fill*         0x0800587a        0x2 
 .text.UART_SetConfig
                0x0800587c      0x5f8 ./Drivers/STM32G4xx_HAL_Driver/Src/stm32g4xx_hal_uart.o
                0x0800587c                UART_SetConfig
 .text.UART_AdvFeatureConfig
                0x08005e74      0x142 ./Drivers/STM32G4xx_HAL_Driver/Src/stm32g4xx_hal_uart.o
                0x08005e74                UART_AdvFeatureConfig
 .text.UART_CheckIdleState
                0x08005fb6      0x154 ./Drivers/STM32G4xx_HAL_Driver/Src/stm32g4xx_hal_uart.o
                0x08005fb6                UART_CheckIdleState
 .text.UART_WaitOnFlagUntilTimeout
                0x0800610a       0xda ./Drivers/STM32G4xx_HAL_Driver/Src/stm32g4xx_hal_uart.o
                0x0800610a                UART_WaitOnFlagUntilTimeout
 .text.UART_EndRxTransfer
                0x080061e4       0xca ./Drivers/STM32G4xx_HAL_Driver/Src/stm32g4xx_hal_uart.o
 .text.HAL_UARTEx_DisableFifoMode
                0x080062ae       0x70 ./Drivers/STM32G4xx_HAL_Driver/Src/stm32g4xx_hal_uart_ex.o
                0x080062ae                HAL_UARTEx_DisableFifoMode
 .text.HAL_UARTEx_SetTxFifoThreshold
                0x0800631e       0x7c ./Drivers/STM32G4xx_HAL_Driver/Src/stm32g4xx_hal_uart_ex.o
                0x0800631e                HAL_UARTEx_SetTxFifoThreshold
 .text.HAL_UARTEx_SetRxFifoThreshold
                0x0800639a       0x7c ./Drivers/STM32G4xx_HAL_Driver/Src/stm32g4xx_hal_uart_ex.o
                0x0800639a                HAL_UARTEx_SetRxFifoThreshold
 *fill*         0x08006416        0x2 
 .text.UARTEx_SetNbDataToProcess
                0x08006418       0x98 ./Drivers/STM32G4xx_HAL_Driver/Src/stm32g4xx_hal_uart_ex.o
 .text.memset   0x080064b0       0x10 C:/ST/STM32CubeIDE_1.18.0/STM32CubeIDE/plugins/com.st.stm32cube.ide.mcu.externaltools.gnu-tools-for-stm32.13.3.rel1.win32_1.0.0.202411081344/tools/bin/../lib/gcc/arm-none-eabi/13.3.1/../../../../arm-none-eabi/lib/thumb/v7e-m/nofp\libc_nano.a(libc_a-memset.o)
                0x080064b0                memset
 .text.__libc_init_array
                0x080064c0       0x48 C:/ST/STM32CubeIDE_1.18.0/STM32CubeIDE/plugins/com.st.stm32cube.ide.mcu.externaltools.gnu-tools-for-stm32.13.3.rel1.win32_1.0.0.202411081344/tools/bin/../lib/gcc/arm-none-eabi/13.3.1/../../../../arm-none-eabi/lib/thumb/v7e-m/nofp\libc_nano.a(libc_a-init.o)
                0x080064c0                __libc_init_array
 *(.glue_7)
 .glue_7        0x08006508        0x0 linker stubs
 *(.glue_7t)
 .glue_7t       0x08006508        0x0 linker stubs
 *(.eh_frame)
 .eh_frame      0x08006508        0x0 C:/ST/STM32CubeIDE_1.18.0/STM32CubeIDE/plugins/com.st.stm32cube.ide.mcu.externaltools.gnu-tools-for-stm32.13.3.rel1.win32_1.0.0.202411081344/tools/bin/../lib/gcc/arm-none-eabi/13.3.1/thumb/v7e-m/nofp/crtbegin.o
 *(.init)
 .init          0x08006508        0x4 C:/ST/STM32CubeIDE_1.18.0/STM32CubeIDE/plugins/com.st.stm32cube.ide.mcu.externaltools.gnu-tools-for-stm32.13.3.rel1.win32_1.0.0.202411081344/tools/bin/../lib/gcc/arm-none-eabi/13.3.1/thumb/v7e-m/nofp/crti.o
                0x08006508                _init
 .init          0x0800650c        0x8 C:/ST/STM32CubeIDE_1.18.0/STM32CubeIDE/plugins/com.st.stm32cube.ide.mcu.externaltools.gnu-tools-for-stm32.13.3.rel1.win32_1.0.0.202411081344/tools/bin/../lib/gcc/arm-none-eabi/13.3.1/thumb/v7e-m/nofp/crtn.o
 *(.fini)
 .fini          0x08006514        0x4 C:/ST/STM32CubeIDE_1.18.0/STM32CubeIDE/plugins/com.st.stm32cube.ide.mcu.externaltools.gnu-tools-for-stm32.13.3.rel1.win32_1.0.0.202411081344/tools/bin/../lib/gcc/arm-none-eabi/13.3.1/thumb/v7e-m/nofp/crti.o
                0x08006514                _fini
 .fini          0x08006518        0x8 C:/ST/STM32CubeIDE_1.18.0/STM32CubeIDE/plugins/com.st.stm32cube.ide.mcu.externaltools.gnu-tools-for-stm32.13.3.rel1.win32_1.0.0.202411081344/tools/bin/../lib/gcc/arm-none-eabi/13.3.1/thumb/v7e-m/nofp/crtn.o
                0x08006520                        . = ALIGN (0x4)
                0x08006520                        _etext = .

.vfp11_veneer   0x08006520        0x0
 .vfp11_veneer  0x08006520        0x0 linker stubs

.v4_bx          0x08006520        0x0
 .v4_bx         0x08006520        0x0 linker stubs

.iplt           0x08006520        0x0
 .iplt          0x08006520        0x0 C:/ST/STM32CubeIDE_1.18.0/STM32CubeIDE/plugins/com.st.stm32cube.ide.mcu.externaltools.gnu-tools-for-stm32.13.3.rel1.win32_1.0.0.202411081344/tools/bin/../lib/gcc/arm-none-eabi/13.3.1/thumb/v7e-m/nofp/crtbegin.o

.rodata         0x08006520    0x5b26c
                0x08006520                        . = ALIGN (0x4)
 *(.rodata)
 .rodata        0x08006520      0x15c ./Core/Src/DACSim.o
 *(.rodata*)
 .rodata._stripSensors45_data1_3c_15000_90
                0x0800667c     0x3808 ./Core/Src/DACSim.o
                0x0800667c                _stripSensors45_data1_3c_15000_90
 .rodata._stripSensors0_data1_3c_15000_90
                0x08009e84     0x3808 ./Core/Src/DACSim.o
                0x08009e84                _stripSensors0_data1_3c_15000_90
 .rodata._stripSensors0_data3_3c_15000_90
                0x0800d68c     0x3808 ./Core/Src/DACSim.o
                0x0800d68c                _stripSensors0_data3_3c_15000_90
 .rodata._stripSensors0_data5_3c_15000_90
                0x08010e94     0x3808 ./Core/Src/DACSim.o
                0x08010e94                _stripSensors0_data5_3c_15000_90
 .rodata._stripSensors0_data7_3c_15000_90
                0x0801469c     0x3808 ./Core/Src/DACSim.o
                0x0801469c                _stripSensors0_data7_3c_15000_90
 .rodata._stripSensors45_data1_3c_25000_90
                0x08017ea4     0x3808 ./Core/Src/DACSim.o
                0x08017ea4                _stripSensors45_data1_3c_25000_90
 .rodata._stripSensors0_data1_3c_25000_90
                0x0801b6ac     0x3808 ./Core/Src/DACSim.o
                0x0801b6ac                _stripSensors0_data1_3c_25000_90
 .rodata._stripSensors0_data3_3c_25000_90
                0x0801eeb4     0x3808 ./Core/Src/DACSim.o
                0x0801eeb4                _stripSensors0_data3_3c_25000_90
 .rodata._stripSensors0_data5_3c_25000_90
                0x080226bc     0x3808 ./Core/Src/DACSim.o
                0x080226bc                _stripSensors0_data5_3c_25000_90
 .rodata._stripSensors0_data7_3c_25000_90
                0x08025ec4     0x3808 ./Core/Src/DACSim.o
                0x08025ec4                _stripSensors0_data7_3c_25000_90
 .rodata._stripSensors45_data1_3c_30000_90
                0x080296cc     0x3808 ./Core/Src/DACSim.o
                0x080296cc                _stripSensors45_data1_3c_30000_90
 .rodata._stripSensors0_data1_3c_30000_90
                0x0802ced4     0x3808 ./Core/Src/DACSim.o
                0x0802ced4                _stripSensors0_data1_3c_30000_90
 .rodata._stripSensors0_data3_3c_30000_90
                0x080306dc     0x3808 ./Core/Src/DACSim.o
                0x080306dc                _stripSensors0_data3_3c_30000_90
 .rodata._stripSensors0_data5_3c_30000_90
                0x08033ee4     0x3808 ./Core/Src/DACSim.o
                0x08033ee4                _stripSensors0_data5_3c_30000_90
 .rodata._stripSensors0_data7_3c_30000_90
                0x080376ec     0x3808 ./Core/Src/DACSim.o
                0x080376ec                _stripSensors0_data7_3c_30000_90
 .rodata._stripSensors45_data1_3c_35000_90
                0x0803aef4     0x3808 ./Core/Src/DACSim.o
                0x0803aef4                _stripSensors45_data1_3c_35000_90
 .rodata._stripSensors0_data1_3c_35000_90
                0x0803e6fc     0x3808 ./Core/Src/DACSim.o
                0x0803e6fc                _stripSensors0_data1_3c_35000_90
 .rodata._stripSensors0_data3_3c_35000_90
                0x08041f04     0x3808 ./Core/Src/DACSim.o
                0x08041f04                _stripSensors0_data3_3c_35000_90
 .rodata._stripSensors0_data5_3c_35000_90
                0x0804570c     0x3808 ./Core/Src/DACSim.o
                0x0804570c                _stripSensors0_data5_3c_35000_90
 .rodata._stripSensors0_data7_3c_35000_90
                0x08048f14     0x3808 ./Core/Src/DACSim.o
                0x08048f14                _stripSensors0_data7_3c_35000_90
 .rodata._stripSensors45_data1_3c_45000_90
                0x0804c71c     0x3808 ./Core/Src/DACSim.o
                0x0804c71c                _stripSensors45_data1_3c_45000_90
 .rodata._stripSensors0_data1_3c_45000_90
                0x0804ff24     0x3808 ./Core/Src/DACSim.o
                0x0804ff24                _stripSensors0_data1_3c_45000_90
 .rodata._stripSensors0_data3_3c_45000_90
                0x0805372c     0x3808 ./Core/Src/DACSim.o
                0x0805372c                _stripSensors0_data3_3c_45000_90
 .rodata._stripSensors0_data5_3c_45000_90
                0x08056f34     0x3808 ./Core/Src/DACSim.o
                0x08056f34                _stripSensors0_data5_3c_45000_90
 .rodata._stripSensors0_data7_3c_45000_90
                0x0805a73c     0x3808 ./Core/Src/DACSim.o
                0x0805a73c                _stripSensors0_data7_3c_45000_90
 .rodata._loop_data1
                0x0805df44     0x3808 ./Core/Src/DACSim.o
                0x0805df44                _loop_data1
 .rodata.AHBPrescTable
                0x0806174c       0x10 ./Core/Src/system_stm32g4xx.o
                0x0806174c                AHBPrescTable
 .rodata.APBPrescTable
                0x0806175c        0x8 ./Core/Src/system_stm32g4xx.o
                0x0806175c                APBPrescTable
 .rodata.UARTPrescTable
                0x08061764       0x18 ./Drivers/STM32G4xx_HAL_Driver/Src/stm32g4xx_hal_uart.o
                0x08061764                UARTPrescTable
 .rodata.numerator.1
                0x0806177c        0x8 ./Drivers/STM32G4xx_HAL_Driver/Src/stm32g4xx_hal_uart_ex.o
 .rodata.denominator.0
                0x08061784        0x8 ./Drivers/STM32G4xx_HAL_Driver/Src/stm32g4xx_hal_uart_ex.o
                0x0806178c                        . = ALIGN (0x4)

.ARM.extab      0x0806178c        0x0
                0x0806178c                        . = ALIGN (0x4)
 *(.ARM.extab* .gnu.linkonce.armextab.*)
                0x0806178c                        . = ALIGN (0x4)

.ARM            0x0806178c        0x8
                0x0806178c                        . = ALIGN (0x4)
                0x0806178c                        __exidx_start = .
 *(.ARM.exidx*)
 .ARM.exidx     0x0806178c        0x8 C:/ST/STM32CubeIDE_1.18.0/STM32CubeIDE/plugins/com.st.stm32cube.ide.mcu.externaltools.gnu-tools-for-stm32.13.3.rel1.win32_1.0.0.202411081344/tools/bin/../lib/gcc/arm-none-eabi/13.3.1/thumb/v7e-m/nofp\libgcc.a(_udivmoddi4.o)
                0x08061794                        __exidx_end = .
                0x08061794                        . = ALIGN (0x4)

.preinit_array  0x08061794        0x0
                0x08061794                        . = ALIGN (0x4)
                0x08061794                        PROVIDE (__preinit_array_start = .)
 *(.preinit_array*)
                0x08061794                        PROVIDE (__preinit_array_end = .)
                0x08061794                        . = ALIGN (0x4)

.init_array     0x08061794        0x4
                0x08061794                        . = ALIGN (0x4)
                0x08061794                        PROVIDE (__init_array_start = .)
 *(SORT_BY_NAME(.init_array.*))
 *(.init_array*)
 .init_array    0x08061794        0x4 C:/ST/STM32CubeIDE_1.18.0/STM32CubeIDE/plugins/com.st.stm32cube.ide.mcu.externaltools.gnu-tools-for-stm32.13.3.rel1.win32_1.0.0.202411081344/tools/bin/../lib/gcc/arm-none-eabi/13.3.1/thumb/v7e-m/nofp/crtbegin.o
                0x08061798                        PROVIDE (__init_array_end = .)
                0x08061798                        . = ALIGN (0x4)

.fini_array     0x08061798        0x4
                0x08061798                        . = ALIGN (0x4)
                [!provide]                        PROVIDE (__fini_array_start = .)
 *(SORT_BY_NAME(.fini_array.*))
 *(.fini_array*)
 .fini_array    0x08061798        0x4 C:/ST/STM32CubeIDE_1.18.0/STM32CubeIDE/plugins/com.st.stm32cube.ide.mcu.externaltools.gnu-tools-for-stm32.13.3.rel1.win32_1.0.0.202411081344/tools/bin/../lib/gcc/arm-none-eabi/13.3.1/thumb/v7e-m/nofp/crtbegin.o
                [!provide]                        PROVIDE (__fini_array_end = .)
                0x0806179c                        . = ALIGN (0x4)
                0x0806179c                        _sidata = LOADADDR (.data)

.rel.dyn        0x0806179c        0x0
 .rel.iplt      0x0806179c        0x0 C:/ST/STM32CubeIDE_1.18.0/STM32CubeIDE/plugins/com.st.stm32cube.ide.mcu.externaltools.gnu-tools-for-stm32.13.3.rel1.win32_1.0.0.202411081344/tools/bin/../lib/gcc/arm-none-eabi/13.3.1/thumb/v7e-m/nofp/crtbegin.o

.data           0x20000000      0x178 load address 0x0806179c
                0x20000000                        . = ALIGN (0x4)
                0x20000000                        _sdata = .
 *(.data)
 *(.data*)
 .data.Vehicle1
                0x20000000       0x48 ./Core/Src/DACSim.o
                0x20000000                Vehicle1
 .data.Vehicle2
                0x20000048       0x48 ./Core/Src/DACSim.o
                0x20000048                Vehicle2
 .data.Vehicle3
                0x20000090       0x48 ./Core/Src/DACSim.o
                0x20000090                Vehicle3
 .data.Vehicle4
                0x200000d8       0x48 ./Core/Src/DACSim.o
                0x200000d8                Vehicle4
 .data.Vehicle5
                0x20000120       0x48 ./Core/Src/DACSim.o
                0x20000120                Vehicle5
 .data.DACs_FWC
                0x20000168        0x4 ./Core/Src/DACSim.o
                0x20000168                DACs_FWC
 .data.SystemCoreClock
                0x2000016c        0x4 ./Core/Src/system_stm32g4xx.o
                0x2000016c                SystemCoreClock
 .data.uwTickPrio
                0x20000170        0x4 ./Drivers/STM32G4xx_HAL_Driver/Src/stm32g4xx_hal.o
                0x20000170                uwTickPrio
 .data.uwTickFreq
                0x20000174        0x4 ./Drivers/STM32G4xx_HAL_Driver/Src/stm32g4xx_hal.o
                0x20000174                uwTickFreq
 *(.RamFunc)
 *(.RamFunc*)
                0x20000178                        . = ALIGN (0x4)
                0x20000178                        _edata = .

.igot.plt       0x20000178        0x0 load address 0x08061914
 .igot.plt      0x20000178        0x0 C:/ST/STM32CubeIDE_1.18.0/STM32CubeIDE/plugins/com.st.stm32cube.ide.mcu.externaltools.gnu-tools-for-stm32.13.3.rel1.win32_1.0.0.202411081344/tools/bin/../lib/gcc/arm-none-eabi/13.3.1/thumb/v7e-m/nofp/crtbegin.o
                0x20000178                        . = ALIGN (0x4)

.bss            0x20000178      0x4f8 load address 0x08061914
                0x20000178                        _sbss = .
                0x20000178                        __bss_start__ = _sbss
 *(.bss)
 .bss           0x20000178       0x1c C:/ST/STM32CubeIDE_1.18.0/STM32CubeIDE/plugins/com.st.stm32cube.ide.mcu.externaltools.gnu-tools-for-stm32.13.3.rel1.win32_1.0.0.202411081344/tools/bin/../lib/gcc/arm-none-eabi/13.3.1/thumb/v7e-m/nofp/crtbegin.o
 *(.bss*)
 .bss.id        0x20000194        0x4 ./Core/Src/DACSim.o
                0x20000194                id
 .bss.flag_button
                0x20000198        0x4 ./Core/Src/DACSim.o
                0x20000198                flag_button
 .bss.tick_status
                0x2000019c        0x4 ./Core/Src/DACSim.o
                0x2000019c                tick_status
 .bss.hiwdg     0x200001a0       0x10 ./Core/Src/DACSim.o
                0x200001a0                hiwdg
 .bss.hdac1     0x200001b0       0x14 ./Core/Src/main.o
                0x200001b0                hdac1
 .bss.hdac2     0x200001c4       0x14 ./Core/Src/main.o
                0x200001c4                hdac2
 .bss.hdac3     0x200001d8       0x14 ./Core/Src/main.o
                0x200001d8                hdac3
 .bss.hdac4     0x200001ec       0x14 ./Core/Src/main.o
                0x200001ec                hdac4
 .bss.hdma_dac1_ch1
                0x20000200       0x60 ./Core/Src/main.o
                0x20000200                hdma_dac1_ch1
 .bss.hdma_dac1_ch2
                0x20000260       0x60 ./Core/Src/main.o
                0x20000260                hdma_dac1_ch2
 .bss.hdma_dac2_ch1
                0x200002c0       0x60 ./Core/Src/main.o
                0x200002c0                hdma_dac2_ch1
 .bss.hdma_dac3_ch1
                0x20000320       0x60 ./Core/Src/main.o
                0x20000320                hdma_dac3_ch1
 .bss.hdma_dac3_ch2
                0x20000380       0x60 ./Core/Src/main.o
                0x20000380                hdma_dac3_ch2
 .bss.hdma_dac4_ch1
                0x200003e0       0x60 ./Core/Src/main.o
                0x200003e0                hdma_dac4_ch1
 .bss.hopamp1   0x20000440       0x3c ./Core/Src/main.o
                0x20000440                hopamp1
 .bss.hopamp3   0x2000047c       0x3c ./Core/Src/main.o
                0x2000047c                hopamp3
 .bss.hopamp4   0x200004b8       0x3c ./Core/Src/main.o
                0x200004b8                hopamp4
 .bss.htim2     0x200004f4       0x4c ./Core/Src/main.o
                0x200004f4                htim2
 .bss.htim3     0x20000540       0x4c ./Core/Src/main.o
                0x20000540                htim3
 .bss.htim8     0x2000058c       0x4c ./Core/Src/main.o
                0x2000058c                htim8
 .bss.huart5    0x200005d8       0x94 ./Core/Src/main.o
                0x200005d8                huart5
 .bss.uwTick    0x2000066c        0x4 ./Drivers/STM32G4xx_HAL_Driver/Src/stm32g4xx_hal.o
                0x2000066c                uwTick
 *(COMMON)
                0x20000670                        . = ALIGN (0x4)
                0x20000670                        _ebss = .
                0x20000670                        __bss_end__ = _ebss

._user_heap_stack
                0x20000670      0x600 load address 0x08061914
                0x20000670                        . = ALIGN (0x8)
                [!provide]                        PROVIDE (end = .)
                0x20000670                        PROVIDE (_end = .)
                0x20000870                        . = (. + _Min_Heap_Size)
 *fill*         0x20000670      0x200 
                0x20000c70                        . = (. + _Min_Stack_Size)
 *fill*         0x20000870      0x400 
                0x20000c70                        . = ALIGN (0x8)

/DISCARD/
 libc.a(*)
 libm.a(*)
 libgcc.a(*)

.ARM.attributes
                0x00000000       0x2a
 *(.ARM.attributes)
 .ARM.attributes
                0x00000000       0x1e C:/ST/STM32CubeIDE_1.18.0/STM32CubeIDE/plugins/com.st.stm32cube.ide.mcu.externaltools.gnu-tools-for-stm32.13.3.rel1.win32_1.0.0.202411081344/tools/bin/../lib/gcc/arm-none-eabi/13.3.1/thumb/v7e-m/nofp/crti.o
 .ARM.attributes
                0x0000001e       0x2e C:/ST/STM32CubeIDE_1.18.0/STM32CubeIDE/plugins/com.st.stm32cube.ide.mcu.externaltools.gnu-tools-for-stm32.13.3.rel1.win32_1.0.0.202411081344/tools/bin/../lib/gcc/arm-none-eabi/13.3.1/thumb/v7e-m/nofp/crtbegin.o
 .ARM.attributes
                0x0000004c       0x2e ./Core/Src/DACSim.o
 .ARM.attributes
                0x0000007a       0x2e ./Core/Src/main.o
 .ARM.attributes
                0x000000a8       0x2e ./Core/Src/stm32g4xx_hal_iwdg.o
 .ARM.attributes
                0x000000d6       0x2e ./Core/Src/stm32g4xx_hal_msp.o
 .ARM.attributes
                0x00000104       0x2e ./Core/Src/stm32g4xx_it.o
 .ARM.attributes
                0x00000132       0x2e ./Core/Src/system_stm32g4xx.o
 .ARM.attributes
                0x00000160       0x21 ./Core/Startup/startup_stm32g474retx.o
 .ARM.attributes
                0x00000181       0x2e ./Drivers/STM32G4xx_HAL_Driver/Src/stm32g4xx_hal.o
 .ARM.attributes
                0x000001af       0x2e ./Drivers/STM32G4xx_HAL_Driver/Src/stm32g4xx_hal_cortex.o
 .ARM.attributes
                0x000001dd       0x2e ./Drivers/STM32G4xx_HAL_Driver/Src/stm32g4xx_hal_dac.o
 .ARM.attributes
                0x0000020b       0x2e ./Drivers/STM32G4xx_HAL_Driver/Src/stm32g4xx_hal_dac_ex.o
 .ARM.attributes
                0x00000239       0x2e ./Drivers/STM32G4xx_HAL_Driver/Src/stm32g4xx_hal_dma.o
 .ARM.attributes
                0x00000267       0x2e ./Drivers/STM32G4xx_HAL_Driver/Src/stm32g4xx_hal_gpio.o
 .ARM.attributes
                0x00000295       0x2e ./Drivers/STM32G4xx_HAL_Driver/Src/stm32g4xx_hal_opamp.o
 .ARM.attributes
                0x000002c3       0x2e ./Drivers/STM32G4xx_HAL_Driver/Src/stm32g4xx_hal_pwr_ex.o
 .ARM.attributes
                0x000002f1       0x2e ./Drivers/STM32G4xx_HAL_Driver/Src/stm32g4xx_hal_rcc.o
 .ARM.attributes
                0x0000031f       0x2e ./Drivers/STM32G4xx_HAL_Driver/Src/stm32g4xx_hal_rcc_ex.o
 .ARM.attributes
                0x0000034d       0x2e ./Drivers/STM32G4xx_HAL_Driver/Src/stm32g4xx_hal_tim.o
 .ARM.attributes
                0x0000037b       0x2e ./Drivers/STM32G4xx_HAL_Driver/Src/stm32g4xx_hal_tim_ex.o
 .ARM.attributes
                0x000003a9       0x2e ./Drivers/STM32G4xx_HAL_Driver/Src/stm32g4xx_hal_uart.o
 .ARM.attributes
                0x000003d7       0x2e ./Drivers/STM32G4xx_HAL_Driver/Src/stm32g4xx_hal_uart_ex.o
 .ARM.attributes
                0x00000405       0x2e C:/ST/STM32CubeIDE_1.18.0/STM32CubeIDE/plugins/com.st.stm32cube.ide.mcu.externaltools.gnu-tools-for-stm32.13.3.rel1.win32_1.0.0.202411081344/tools/bin/../lib/gcc/arm-none-eabi/13.3.1/../../../../arm-none-eabi/lib/thumb/v7e-m/nofp\libc_nano.a(libc_a-memset.o)
 .ARM.attributes
                0x00000433       0x2e C:/ST/STM32CubeIDE_1.18.0/STM32CubeIDE/plugins/com.st.stm32cube.ide.mcu.externaltools.gnu-tools-for-stm32.13.3.rel1.win32_1.0.0.202411081344/tools/bin/../lib/gcc/arm-none-eabi/13.3.1/../../../../arm-none-eabi/lib/thumb/v7e-m/nofp\libc_nano.a(libc_a-init.o)
 .ARM.attributes
                0x00000461       0x1e C:/ST/STM32CubeIDE_1.18.0/STM32CubeIDE/plugins/com.st.stm32cube.ide.mcu.externaltools.gnu-tools-for-stm32.13.3.rel1.win32_1.0.0.202411081344/tools/bin/../lib/gcc/arm-none-eabi/13.3.1/thumb/v7e-m/nofp\libgcc.a(_aeabi_uldivmod.o)
 .ARM.attributes
                0x0000047f       0x2e C:/ST/STM32CubeIDE_1.18.0/STM32CubeIDE/plugins/com.st.stm32cube.ide.mcu.externaltools.gnu-tools-for-stm32.13.3.rel1.win32_1.0.0.202411081344/tools/bin/../lib/gcc/arm-none-eabi/13.3.1/thumb/v7e-m/nofp\libgcc.a(_udivmoddi4.o)
 .ARM.attributes
                0x000004ad       0x1e C:/ST/STM32CubeIDE_1.18.0/STM32CubeIDE/plugins/com.st.stm32cube.ide.mcu.externaltools.gnu-tools-for-stm32.13.3.rel1.win32_1.0.0.202411081344/tools/bin/../lib/gcc/arm-none-eabi/13.3.1/thumb/v7e-m/nofp\libgcc.a(_dvmd_tls.o)
 .ARM.attributes
                0x000004cb       0x1e C:/ST/STM32CubeIDE_1.18.0/STM32CubeIDE/plugins/com.st.stm32cube.ide.mcu.externaltools.gnu-tools-for-stm32.13.3.rel1.win32_1.0.0.202411081344/tools/bin/../lib/gcc/arm-none-eabi/13.3.1/thumb/v7e-m/nofp/crtn.o
OUTPUT(SimuladorHSWIM_V2.0.elf elf32-littlearm)
LOAD linker stubs
LOAD C:/ST/STM32CubeIDE_1.18.0/STM32CubeIDE/plugins/com.st.stm32cube.ide.mcu.externaltools.gnu-tools-for-stm32.13.3.rel1.win32_1.0.0.202411081344/tools/bin/../lib/gcc/arm-none-eabi/13.3.1/../../../../arm-none-eabi/lib/thumb/v7e-m/nofp\libc.a
LOAD C:/ST/STM32CubeIDE_1.18.0/STM32CubeIDE/plugins/com.st.stm32cube.ide.mcu.externaltools.gnu-tools-for-stm32.13.3.rel1.win32_1.0.0.202411081344/tools/bin/../lib/gcc/arm-none-eabi/13.3.1/../../../../arm-none-eabi/lib/thumb/v7e-m/nofp\libm.a
LOAD C:/ST/STM32CubeIDE_1.18.0/STM32CubeIDE/plugins/com.st.stm32cube.ide.mcu.externaltools.gnu-tools-for-stm32.13.3.rel1.win32_1.0.0.202411081344/tools/bin/../lib/gcc/arm-none-eabi/13.3.1/thumb/v7e-m/nofp\libgcc.a

.debug_info     0x00000000    0x1720e
 .debug_info    0x00000000     0x1802 ./Core/Src/DACSim.o
 .debug_info    0x00001802     0x201d ./Core/Src/main.o
 .debug_info    0x0000381f      0x1f7 ./Core/Src/stm32g4xx_hal_iwdg.o
 .debug_info    0x00003a16     0x1b8c ./Core/Src/stm32g4xx_hal_msp.o
 .debug_info    0x000055a2      0x977 ./Core/Src/stm32g4xx_it.o
 .debug_info    0x00005f19      0x387 ./Core/Src/system_stm32g4xx.o
 .debug_info    0x000062a0       0x30 ./Core/Startup/startup_stm32g474retx.o
 .debug_info    0x000062d0      0xcef ./Drivers/STM32G4xx_HAL_Driver/Src/stm32g4xx_hal.o
 .debug_info    0x00006fbf      0xdad ./Drivers/STM32G4xx_HAL_Driver/Src/stm32g4xx_hal_cortex.o
 .debug_info    0x00007d6c      0xcbc ./Drivers/STM32G4xx_HAL_Driver/Src/stm32g4xx_hal_dac.o
 .debug_info    0x00008a28      0xd74 ./Drivers/STM32G4xx_HAL_Driver/Src/stm32g4xx_hal_dac_ex.o
 .debug_info    0x0000979c      0x85f ./Drivers/STM32G4xx_HAL_Driver/Src/stm32g4xx_hal_dma.o
 .debug_info    0x00009ffb      0x763 ./Drivers/STM32G4xx_HAL_Driver/Src/stm32g4xx_hal_gpio.o
 .debug_info    0x0000a75e      0x76a ./Drivers/STM32G4xx_HAL_Driver/Src/stm32g4xx_hal_opamp.o
 .debug_info    0x0000aec8      0x93f ./Drivers/STM32G4xx_HAL_Driver/Src/stm32g4xx_hal_pwr_ex.o
 .debug_info    0x0000b807      0xbe0 ./Drivers/STM32G4xx_HAL_Driver/Src/stm32g4xx_hal_rcc.o
 .debug_info    0x0000c3e7      0xc45 ./Drivers/STM32G4xx_HAL_Driver/Src/stm32g4xx_hal_rcc_ex.o
 .debug_info    0x0000d02c     0x2c52 ./Drivers/STM32G4xx_HAL_Driver/Src/stm32g4xx_hal_tim.o
 .debug_info    0x0000fc7e     0x1d95 ./Drivers/STM32G4xx_HAL_Driver/Src/stm32g4xx_hal_tim_ex.o
 .debug_info    0x00011a13     0x481e ./Drivers/STM32G4xx_HAL_Driver/Src/stm32g4xx_hal_uart.o
 .debug_info    0x00016231      0xfdd ./Drivers/STM32G4xx_HAL_Driver/Src/stm32g4xx_hal_uart_ex.o

.debug_abbrev   0x00000000     0x2eea
 .debug_abbrev  0x00000000      0x285 ./Core/Src/DACSim.o
 .debug_abbrev  0x00000285      0x328 ./Core/Src/main.o
 .debug_abbrev  0x000005ad      0x14d ./Core/Src/stm32g4xx_hal_iwdg.o
 .debug_abbrev  0x000006fa      0x2a2 ./Core/Src/stm32g4xx_hal_msp.o
 .debug_abbrev  0x0000099c      0x1f3 ./Core/Src/stm32g4xx_it.o
 .debug_abbrev  0x00000b8f      0x11c ./Core/Src/system_stm32g4xx.o
 .debug_abbrev  0x00000cab       0x24 ./Core/Startup/startup_stm32g474retx.o
 .debug_abbrev  0x00000ccf      0x271 ./Drivers/STM32G4xx_HAL_Driver/Src/stm32g4xx_hal.o
 .debug_abbrev  0x00000f40      0x31c ./Drivers/STM32G4xx_HAL_Driver/Src/stm32g4xx_hal_cortex.o
 .debug_abbrev  0x0000125c      0x231 ./Drivers/STM32G4xx_HAL_Driver/Src/stm32g4xx_hal_dac.o
 .debug_abbrev  0x0000148d      0x27b ./Drivers/STM32G4xx_HAL_Driver/Src/stm32g4xx_hal_dac_ex.o
 .debug_abbrev  0x00001708      0x1e2 ./Drivers/STM32G4xx_HAL_Driver/Src/stm32g4xx_hal_dma.o
 .debug_abbrev  0x000018ea      0x1cb ./Drivers/STM32G4xx_HAL_Driver/Src/stm32g4xx_hal_gpio.o
 .debug_abbrev  0x00001ab5      0x1a6 ./Drivers/STM32G4xx_HAL_Driver/Src/stm32g4xx_hal_opamp.o
 .debug_abbrev  0x00001c5b      0x22c ./Drivers/STM32G4xx_HAL_Driver/Src/stm32g4xx_hal_pwr_ex.o
 .debug_abbrev  0x00001e87      0x2c9 ./Drivers/STM32G4xx_HAL_Driver/Src/stm32g4xx_hal_rcc.o
 .debug_abbrev  0x00002150      0x258 ./Drivers/STM32G4xx_HAL_Driver/Src/stm32g4xx_hal_rcc_ex.o
 .debug_abbrev  0x000023a8      0x2a7 ./Drivers/STM32G4xx_HAL_Driver/Src/stm32g4xx_hal_tim.o
 .debug_abbrev  0x0000264f      0x2c5 ./Drivers/STM32G4xx_HAL_Driver/Src/stm32g4xx_hal_tim_ex.o
 .debug_abbrev  0x00002914      0x304 ./Drivers/STM32G4xx_HAL_Driver/Src/stm32g4xx_hal_uart.o
 .debug_abbrev  0x00002c18      0x2d2 ./Drivers/STM32G4xx_HAL_Driver/Src/stm32g4xx_hal_uart_ex.o

.debug_aranges  0x00000000     0x1360
 .debug_aranges
                0x00000000       0x68 ./Core/Src/DACSim.o
 .debug_aranges
                0x00000068       0x98 ./Core/Src/main.o
 .debug_aranges
                0x00000100       0x28 ./Core/Src/stm32g4xx_hal_iwdg.o
 .debug_aranges
                0x00000128       0x78 ./Core/Src/stm32g4xx_hal_msp.o
 .debug_aranges
                0x000001a0       0xa0 ./Core/Src/stm32g4xx_it.o
 .debug_aranges
                0x00000240       0x28 ./Core/Src/system_stm32g4xx.o
 .debug_aranges
                0x00000268       0x28 ./Core/Startup/startup_stm32g474retx.o
 .debug_aranges
                0x00000290      0x148 ./Drivers/STM32G4xx_HAL_Driver/Src/stm32g4xx_hal.o
 .debug_aranges
                0x000003d8      0x118 ./Drivers/STM32G4xx_HAL_Driver/Src/stm32g4xx_hal_cortex.o
 .debug_aranges
                0x000004f0       0xc0 ./Drivers/STM32G4xx_HAL_Driver/Src/stm32g4xx_hal_dac.o
 .debug_aranges
                0x000005b0       0xc0 ./Drivers/STM32G4xx_HAL_Driver/Src/stm32g4xx_hal_dac_ex.o
 .debug_aranges
                0x00000670       0x90 ./Drivers/STM32G4xx_HAL_Driver/Src/stm32g4xx_hal_dma.o
 .debug_aranges
                0x00000700       0x58 ./Drivers/STM32G4xx_HAL_Driver/Src/stm32g4xx_hal_gpio.o
 .debug_aranges
                0x00000758       0x70 ./Drivers/STM32G4xx_HAL_Driver/Src/stm32g4xx_hal_opamp.o
 .debug_aranges
                0x000007c8      0x140 ./Drivers/STM32G4xx_HAL_Driver/Src/stm32g4xx_hal_pwr_ex.o
 .debug_aranges
                0x00000908       0x98 ./Drivers/STM32G4xx_HAL_Driver/Src/stm32g4xx_hal_rcc.o
 .debug_aranges
                0x000009a0       0xb0 ./Drivers/STM32G4xx_HAL_Driver/Src/stm32g4xx_hal_rcc_ex.o
 .debug_aranges
                0x00000a50      0x3e0 ./Drivers/STM32G4xx_HAL_Driver/Src/stm32g4xx_hal_tim.o
 .debug_aranges
                0x00000e30      0x240 ./Drivers/STM32G4xx_HAL_Driver/Src/stm32g4xx_hal_tim_ex.o
 .debug_aranges
                0x00001070      0x248 ./Drivers/STM32G4xx_HAL_Driver/Src/stm32g4xx_hal_uart.o
 .debug_aranges
                0x000012b8       0xa8 ./Drivers/STM32G4xx_HAL_Driver/Src/stm32g4xx_hal_uart_ex.o

.debug_rnglists
                0x00000000      0xf16
 .debug_rnglists
                0x00000000       0x4b ./Core/Src/DACSim.o
 .debug_rnglists
                0x0000004b       0x76 ./Core/Src/main.o
 .debug_rnglists
                0x000000c1       0x1a ./Core/Src/stm32g4xx_hal_iwdg.o
 .debug_rnglists
                0x000000db       0x59 ./Core/Src/stm32g4xx_hal_msp.o
 .debug_rnglists
                0x00000134       0x73 ./Core/Src/stm32g4xx_it.o
 .debug_rnglists
                0x000001a7       0x1a ./Core/Src/system_stm32g4xx.o
 .debug_rnglists
                0x000001c1       0x19 ./Core/Startup/startup_stm32g474retx.o
 .debug_rnglists
                0x000001da       0xf1 ./Drivers/STM32G4xx_HAL_Driver/Src/stm32g4xx_hal.o
 .debug_rnglists
                0x000002cb       0xce ./Drivers/STM32G4xx_HAL_Driver/Src/stm32g4xx_hal_cortex.o
 .debug_rnglists
                0x00000399       0x90 ./Drivers/STM32G4xx_HAL_Driver/Src/stm32g4xx_hal_dac.o
 .debug_rnglists
                0x00000429       0x92 ./Drivers/STM32G4xx_HAL_Driver/Src/stm32g4xx_hal_dac_ex.o
 .debug_rnglists
                0x000004bb       0x71 ./Drivers/STM32G4xx_HAL_Driver/Src/stm32g4xx_hal_dma.o
 .debug_rnglists
                0x0000052c       0x3f ./Drivers/STM32G4xx_HAL_Driver/Src/stm32g4xx_hal_gpio.o
 .debug_rnglists
                0x0000056b       0x52 ./Drivers/STM32G4xx_HAL_Driver/Src/stm32g4xx_hal_opamp.o
 .debug_rnglists
                0x000005bd       0xf1 ./Drivers/STM32G4xx_HAL_Driver/Src/stm32g4xx_hal_pwr_ex.o
 .debug_rnglists
                0x000006ae       0x74 ./Drivers/STM32G4xx_HAL_Driver/Src/stm32g4xx_hal_rcc.o
 .debug_rnglists
                0x00000722       0x87 ./Drivers/STM32G4xx_HAL_Driver/Src/stm32g4xx_hal_rcc_ex.o
 .debug_rnglists
                0x000007a9      0x328 ./Drivers/STM32G4xx_HAL_Driver/Src/stm32g4xx_hal_tim.o
 .debug_rnglists
                0x00000ad1      0x1cc ./Drivers/STM32G4xx_HAL_Driver/Src/stm32g4xx_hal_tim_ex.o
 .debug_rnglists
                0x00000c9d      0x1fa ./Drivers/STM32G4xx_HAL_Driver/Src/stm32g4xx_hal_uart.o
 .debug_rnglists
                0x00000e97       0x7f ./Drivers/STM32G4xx_HAL_Driver/Src/stm32g4xx_hal_uart_ex.o

.debug_macro    0x00000000    0x275de
 .debug_macro   0x00000000      0x32c ./Core/Src/DACSim.o
 .debug_macro   0x0000032c      0xacc ./Core/Src/DACSim.o
 .debug_macro   0x00000df8      0x167 ./Core/Src/DACSim.o
 .debug_macro   0x00000f5f       0x2e ./Core/Src/DACSim.o
 .debug_macro   0x00000f8d       0x28 ./Core/Src/DACSim.o
 .debug_macro   0x00000fb5       0x22 ./Core/Src/DACSim.o
 .debug_macro   0x00000fd7       0x8e ./Core/Src/DACSim.o
 .debug_macro   0x00001065       0x51 ./Core/Src/DACSim.o
 .debug_macro   0x000010b6      0x103 ./Core/Src/DACSim.o
 .debug_macro   0x000011b9       0x6a ./Core/Src/DACSim.o
 .debug_macro   0x00001223      0x1df ./Core/Src/DACSim.o
 .debug_macro   0x00001402       0x1c ./Core/Src/DACSim.o
 .debug_macro   0x0000141e       0x22 ./Core/Src/DACSim.o
 .debug_macro   0x00001440       0xfb ./Core/Src/DACSim.o
 .debug_macro   0x0000153b     0x1011 ./Core/Src/DACSim.o
 .debug_macro   0x0000254c      0x11f ./Core/Src/DACSim.o
 .debug_macro   0x0000266b    0x18b45 ./Core/Src/DACSim.o
 .debug_macro   0x0001b1b0       0x6d ./Core/Src/DACSim.o
 .debug_macro   0x0001b21d     0x354d ./Core/Src/DACSim.o
 .debug_macro   0x0001e76a      0x190 ./Core/Src/DACSim.o
 .debug_macro   0x0001e8fa       0x5c ./Core/Src/DACSim.o
 .debug_macro   0x0001e956     0x171f ./Core/Src/DACSim.o
 .debug_macro   0x00020075      0x600 ./Core/Src/DACSim.o
 .debug_macro   0x00020675      0x1b6 ./Core/Src/DACSim.o
 .debug_macro   0x0002082b      0x34a ./Core/Src/DACSim.o
 .debug_macro   0x00020b75      0x53c ./Core/Src/DACSim.o
 .debug_macro   0x000210b1      0x18b ./Core/Src/DACSim.o
 .debug_macro   0x0002123c       0x43 ./Core/Src/DACSim.o
 .debug_macro   0x0002127f      0x23d ./Core/Src/DACSim.o
 .debug_macro   0x000214bc      0x209 ./Core/Src/DACSim.o
 .debug_macro   0x000216c5      0x107 ./Core/Src/DACSim.o
 .debug_macro   0x000217cc      0x211 ./Core/Src/DACSim.o
 .debug_macro   0x000219dd      0x45c ./Core/Src/DACSim.o
 .debug_macro   0x00021e39      0x11c ./Core/Src/DACSim.o
 .debug_macro   0x00021f55      0x1b5 ./Core/Src/DACSim.o
 .debug_macro   0x0002210a      0x122 ./Core/Src/DACSim.o
 .debug_macro   0x0002222c      0x3d1 ./Core/Src/DACSim.o
 .debug_macro   0x000225fd      0xc0b ./Core/Src/DACSim.o
 .debug_macro   0x00023208      0x718 ./Core/Src/DACSim.o
 .debug_macro   0x00023920      0x693 ./Core/Src/DACSim.o
 .debug_macro   0x00023fb3       0xa6 ./Core/Src/DACSim.o
 .debug_macro   0x00024059      0x358 ./Core/Src/DACSim.o
 .debug_macro   0x000243b1       0x22 ./Core/Src/DACSim.o
 .debug_macro   0x000243d3       0x7f ./Core/Src/DACSim.o
 .debug_macro   0x00024452       0x58 ./Core/Src/DACSim.o
 .debug_macro   0x000244aa       0x24 ./Core/Src/DACSim.o
 .debug_macro   0x000244ce       0x61 ./Core/Src/DACSim.o
 .debug_macro   0x0002452f       0x43 ./Core/Src/DACSim.o
 .debug_macro   0x00024572       0x34 ./Core/Src/DACSim.o
 .debug_macro   0x000245a6       0x16 ./Core/Src/DACSim.o
 .debug_macro   0x000245bc       0x3c ./Core/Src/DACSim.o
 .debug_macro   0x000245f8      0x370 ./Core/Src/DACSim.o
 .debug_macro   0x00024968       0x16 ./Core/Src/DACSim.o
 .debug_macro   0x0002497e       0x4a ./Core/Src/DACSim.o
 .debug_macro   0x000249c8       0x34 ./Core/Src/DACSim.o
 .debug_macro   0x000249fc       0x10 ./Core/Src/DACSim.o
 .debug_macro   0x00024a0c       0x58 ./Core/Src/DACSim.o
 .debug_macro   0x00024a64       0x8e ./Core/Src/DACSim.o
 .debug_macro   0x00024af2       0x1c ./Core/Src/DACSim.o
 .debug_macro   0x00024b0e      0x185 ./Core/Src/DACSim.o
 .debug_macro   0x00024c93       0x16 ./Core/Src/DACSim.o
 .debug_macro   0x00024ca9       0x29 ./Core/Src/DACSim.o
 .debug_macro   0x00024cd2       0x1c ./Core/Src/DACSim.o
 .debug_macro   0x00024cee       0x10 ./Core/Src/DACSim.o
 .debug_macro   0x00024cfe       0x1c ./Core/Src/DACSim.o
 .debug_macro   0x00024d1a       0x16 ./Core/Src/DACSim.o
 .debug_macro   0x00024d30      0x146 ./Core/Src/DACSim.o
 .debug_macro   0x00024e76      0x22c ./Core/Src/main.o
 .debug_macro   0x000250a2      0x21e ./Core/Src/stm32g4xx_hal_iwdg.o
 .debug_macro   0x000252c0      0x206 ./Core/Src/stm32g4xx_hal_msp.o
 .debug_macro   0x000254c6      0x236 ./Core/Src/stm32g4xx_it.o
 .debug_macro   0x000256fc      0x1f7 ./Core/Src/system_stm32g4xx.o
 .debug_macro   0x000258f3      0x245 ./Drivers/STM32G4xx_HAL_Driver/Src/stm32g4xx_hal.o
 .debug_macro   0x00025b38      0x1f7 ./Drivers/STM32G4xx_HAL_Driver/Src/stm32g4xx_hal_cortex.o
 .debug_macro   0x00025d2f      0x20d ./Drivers/STM32G4xx_HAL_Driver/Src/stm32g4xx_hal_dac.o
 .debug_macro   0x00025f3c      0x1fd ./Drivers/STM32G4xx_HAL_Driver/Src/stm32g4xx_hal_dac_ex.o
 .debug_macro   0x00026139      0x1f7 ./Drivers/STM32G4xx_HAL_Driver/Src/stm32g4xx_hal_dma.o
 .debug_macro   0x00026330      0x1fe ./Drivers/STM32G4xx_HAL_Driver/Src/stm32g4xx_hal_gpio.o
 .debug_macro   0x0002652e      0x214 ./Drivers/STM32G4xx_HAL_Driver/Src/stm32g4xx_hal_opamp.o
 .debug_macro   0x00026742      0x221 ./Drivers/STM32G4xx_HAL_Driver/Src/stm32g4xx_hal_pwr_ex.o
 .debug_macro   0x00026963      0x239 ./Drivers/STM32G4xx_HAL_Driver/Src/stm32g4xx_hal_rcc.o
 .debug_macro   0x00026b9c      0x221 ./Drivers/STM32G4xx_HAL_Driver/Src/stm32g4xx_hal_rcc_ex.o
 .debug_macro   0x00026dbd      0x1ff ./Drivers/STM32G4xx_HAL_Driver/Src/stm32g4xx_hal_tim.o
 .debug_macro   0x00026fbc      0x1fd ./Drivers/STM32G4xx_HAL_Driver/Src/stm32g4xx_hal_tim_ex.o
 .debug_macro   0x000271b9      0x222 ./Drivers/STM32G4xx_HAL_Driver/Src/stm32g4xx_hal_uart.o
 .debug_macro   0x000273db      0x203 ./Drivers/STM32G4xx_HAL_Driver/Src/stm32g4xx_hal_uart_ex.o

.debug_line     0x00000000    0x16cd4
 .debug_line    0x00000000      0xb1a ./Core/Src/DACSim.o
 .debug_line    0x00000b1a      0xca0 ./Core/Src/main.o
 .debug_line    0x000017ba      0x85b ./Core/Src/stm32g4xx_hal_iwdg.o
 .debug_line    0x00002015      0xb55 ./Core/Src/stm32g4xx_hal_msp.o
 .debug_line    0x00002b6a      0x95e ./Core/Src/stm32g4xx_it.o
 .debug_line    0x000034c8      0x82e ./Core/Src/system_stm32g4xx.o
 .debug_line    0x00003cf6       0x7b ./Core/Startup/startup_stm32g474retx.o
 .debug_line    0x00003d71      0xc01 ./Drivers/STM32G4xx_HAL_Driver/Src/stm32g4xx_hal.o
 .debug_line    0x00004972      0xd3b ./Drivers/STM32G4xx_HAL_Driver/Src/stm32g4xx_hal_cortex.o
 .debug_line    0x000056ad      0xd68 ./Drivers/STM32G4xx_HAL_Driver/Src/stm32g4xx_hal_dac.o
 .debug_line    0x00006415      0xd13 ./Drivers/STM32G4xx_HAL_Driver/Src/stm32g4xx_hal_dac_ex.o
 .debug_line    0x00007128      0xf00 ./Drivers/STM32G4xx_HAL_Driver/Src/stm32g4xx_hal_dma.o
 .debug_line    0x00008028      0xbd9 ./Drivers/STM32G4xx_HAL_Driver/Src/stm32g4xx_hal_gpio.o
 .debug_line    0x00008c01      0xb03 ./Drivers/STM32G4xx_HAL_Driver/Src/stm32g4xx_hal_opamp.o
 .debug_line    0x00009704      0xd5f ./Drivers/STM32G4xx_HAL_Driver/Src/stm32g4xx_hal_pwr_ex.o
 .debug_line    0x0000a463     0x1083 ./Drivers/STM32G4xx_HAL_Driver/Src/stm32g4xx_hal_rcc.o
 .debug_line    0x0000b4e6     0x12f7 ./Drivers/STM32G4xx_HAL_Driver/Src/stm32g4xx_hal_rcc_ex.o
 .debug_line    0x0000c7dd     0x4096 ./Drivers/STM32G4xx_HAL_Driver/Src/stm32g4xx_hal_tim.o
 .debug_line    0x00010873     0x2107 ./Drivers/STM32G4xx_HAL_Driver/Src/stm32g4xx_hal_tim_ex.o
 .debug_line    0x0001297a     0x3625 ./Drivers/STM32G4xx_HAL_Driver/Src/stm32g4xx_hal_uart.o
 .debug_line    0x00015f9f      0xd35 ./Drivers/STM32G4xx_HAL_Driver/Src/stm32g4xx_hal_uart_ex.o

.debug_str      0x00000000   0x100b20
 .debug_str     0x00000000   0x100b20 ./Core/Src/DACSim.o
                              0xfb60b (size before relaxing)
 .debug_str     0x00100b20    0xf8678 ./Core/Src/main.o
 .debug_str     0x00100b20    0xf6976 ./Core/Src/stm32g4xx_hal_iwdg.o
 .debug_str     0x00100b20    0xf7b00 ./Core/Src/stm32g4xx_hal_msp.o
 .debug_str     0x00100b20    0xf736d ./Core/Src/stm32g4xx_it.o
 .debug_str     0x00100b20    0xf64a3 ./Core/Src/system_stm32g4xx.o
 .debug_str     0x00100b20       0x8d ./Core/Startup/startup_stm32g474retx.o
 .debug_str     0x00100b20    0xf7281 ./Drivers/STM32G4xx_HAL_Driver/Src/stm32g4xx_hal.o
 .debug_str     0x00100b20    0xf6e8d ./Drivers/STM32G4xx_HAL_Driver/Src/stm32g4xx_hal_cortex.o
 .debug_str     0x00100b20    0xf6bcc ./Drivers/STM32G4xx_HAL_Driver/Src/stm32g4xx_hal_dac.o
 .debug_str     0x00100b20    0xf6bfb ./Drivers/STM32G4xx_HAL_Driver/Src/stm32g4xx_hal_dac_ex.o
 .debug_str     0x00100b20    0xf68d1 ./Drivers/STM32G4xx_HAL_Driver/Src/stm32g4xx_hal_dma.o
 .debug_str     0x00100b20    0xf6682 ./Drivers/STM32G4xx_HAL_Driver/Src/stm32g4xx_hal_gpio.o
 .debug_str     0x00100b20    0xf69c5 ./Drivers/STM32G4xx_HAL_Driver/Src/stm32g4xx_hal_opamp.o
 .debug_str     0x00100b20    0xf69e5 ./Drivers/STM32G4xx_HAL_Driver/Src/stm32g4xx_hal_pwr_ex.o
 .debug_str     0x00100b20    0xf6c16 ./Drivers/STM32G4xx_HAL_Driver/Src/stm32g4xx_hal_rcc.o
 .debug_str     0x00100b20    0xf6c40 ./Drivers/STM32G4xx_HAL_Driver/Src/stm32g4xx_hal_rcc_ex.o
 .debug_str     0x00100b20    0xf79f5 ./Drivers/STM32G4xx_HAL_Driver/Src/stm32g4xx_hal_tim.o
 .debug_str     0x00100b20    0xf7669 ./Drivers/STM32G4xx_HAL_Driver/Src/stm32g4xx_hal_tim_ex.o
 .debug_str     0x00100b20    0xf74b2 ./Drivers/STM32G4xx_HAL_Driver/Src/stm32g4xx_hal_uart.o
 .debug_str     0x00100b20    0xf6cb0 ./Drivers/STM32G4xx_HAL_Driver/Src/stm32g4xx_hal_uart_ex.o

.comment        0x00000000       0x43
 .comment       0x00000000       0x43 ./Core/Src/DACSim.o
                                 0x44 (size before relaxing)
 .comment       0x00000043       0x44 ./Core/Src/main.o
 .comment       0x00000043       0x44 ./Core/Src/stm32g4xx_hal_iwdg.o
 .comment       0x00000043       0x44 ./Core/Src/stm32g4xx_hal_msp.o
 .comment       0x00000043       0x44 ./Core/Src/stm32g4xx_it.o
 .comment       0x00000043       0x44 ./Core/Src/system_stm32g4xx.o
 .comment       0x00000043       0x44 ./Drivers/STM32G4xx_HAL_Driver/Src/stm32g4xx_hal.o
 .comment       0x00000043       0x44 ./Drivers/STM32G4xx_HAL_Driver/Src/stm32g4xx_hal_cortex.o
 .comment       0x00000043       0x44 ./Drivers/STM32G4xx_HAL_Driver/Src/stm32g4xx_hal_dac.o
 .comment       0x00000043       0x44 ./Drivers/STM32G4xx_HAL_Driver/Src/stm32g4xx_hal_dac_ex.o
 .comment       0x00000043       0x44 ./Drivers/STM32G4xx_HAL_Driver/Src/stm32g4xx_hal_dma.o
 .comment       0x00000043       0x44 ./Drivers/STM32G4xx_HAL_Driver/Src/stm32g4xx_hal_gpio.o
 .comment       0x00000043       0x44 ./Drivers/STM32G4xx_HAL_Driver/Src/stm32g4xx_hal_opamp.o
 .comment       0x00000043       0x44 ./Drivers/STM32G4xx_HAL_Driver/Src/stm32g4xx_hal_pwr_ex.o
 .comment       0x00000043       0x44 ./Drivers/STM32G4xx_HAL_Driver/Src/stm32g4xx_hal_rcc.o
 .comment       0x00000043       0x44 ./Drivers/STM32G4xx_HAL_Driver/Src/stm32g4xx_hal_rcc_ex.o
 .comment       0x00000043       0x44 ./Drivers/STM32G4xx_HAL_Driver/Src/stm32g4xx_hal_tim.o
 .comment       0x00000043       0x44 ./Drivers/STM32G4xx_HAL_Driver/Src/stm32g4xx_hal_tim_ex.o
 .comment       0x00000043       0x44 ./Drivers/STM32G4xx_HAL_Driver/Src/stm32g4xx_hal_uart.o
 .comment       0x00000043       0x44 ./Drivers/STM32G4xx_HAL_Driver/Src/stm32g4xx_hal_uart_ex.o

.debug_frame    0x00000000     0x51a8
 .debug_frame   0x00000000      0x144 ./Core/Src/DACSim.o
 .debug_frame   0x00000144      0x21c ./Core/Src/main.o
 .debug_frame   0x00000360       0x5c ./Core/Src/stm32g4xx_hal_iwdg.o
 .debug_frame   0x000003bc      0x1d0 ./Core/Src/stm32g4xx_hal_msp.o
 .debug_frame   0x0000058c      0x1e4 ./Core/Src/stm32g4xx_it.o
 .debug_frame   0x00000770       0x58 ./Core/Src/system_stm32g4xx.o
 .debug_frame   0x000007c8      0x500 ./Drivers/STM32G4xx_HAL_Driver/Src/stm32g4xx_hal.o
 .debug_frame   0x00000cc8      0x498 ./Drivers/STM32G4xx_HAL_Driver/Src/stm32g4xx_hal_cortex.o
 .debug_frame   0x00001160      0x338 ./Drivers/STM32G4xx_HAL_Driver/Src/stm32g4xx_hal_dac.o
 .debug_frame   0x00001498      0x344 ./Drivers/STM32G4xx_HAL_Driver/Src/stm32g4xx_hal_dac_ex.o
 .debug_frame   0x000017dc      0x24c ./Drivers/STM32G4xx_HAL_Driver/Src/stm32g4xx_hal_dma.o
 .debug_frame   0x00001a28      0x14c ./Drivers/STM32G4xx_HAL_Driver/Src/stm32g4xx_hal_gpio.o
 .debug_frame   0x00001b74      0x1c0 ./Drivers/STM32G4xx_HAL_Driver/Src/stm32g4xx_hal_opamp.o
 .debug_frame   0x00001d34      0x4fc ./Drivers/STM32G4xx_HAL_Driver/Src/stm32g4xx_hal_pwr_ex.o
 .debug_frame   0x00002230      0x23c ./Drivers/STM32G4xx_HAL_Driver/Src/stm32g4xx_hal_rcc.o
 .debug_frame   0x0000246c      0x2ac ./Drivers/STM32G4xx_HAL_Driver/Src/stm32g4xx_hal_rcc_ex.o
 .debug_frame   0x00002718     0x1220 ./Drivers/STM32G4xx_HAL_Driver/Src/stm32g4xx_hal_tim.o
 .debug_frame   0x00003938      0xa70 ./Drivers/STM32G4xx_HAL_Driver/Src/stm32g4xx_hal_tim_ex.o
 .debug_frame   0x000043a8      0xa94 ./Drivers/STM32G4xx_HAL_Driver/Src/stm32g4xx_hal_uart.o
 .debug_frame   0x00004e3c      0x2c0 ./Drivers/STM32G4xx_HAL_Driver/Src/stm32g4xx_hal_uart_ex.o
 .debug_frame   0x000050fc       0x20 C:/ST/STM32CubeIDE_1.18.0/STM32CubeIDE/plugins/com.st.stm32cube.ide.mcu.externaltools.gnu-tools-for-stm32.13.3.rel1.win32_1.0.0.202411081344/tools/bin/../lib/gcc/arm-none-eabi/13.3.1/../../../../arm-none-eabi/lib/thumb/v7e-m/nofp\libc_nano.a(libc_a-memset.o)
 .debug_frame   0x0000511c       0x2c C:/ST/STM32CubeIDE_1.18.0/STM32CubeIDE/plugins/com.st.stm32cube.ide.mcu.externaltools.gnu-tools-for-stm32.13.3.rel1.win32_1.0.0.202411081344/tools/bin/../lib/gcc/arm-none-eabi/13.3.1/../../../../arm-none-eabi/lib/thumb/v7e-m/nofp\libc_nano.a(libc_a-init.o)
 .debug_frame   0x00005148       0x2c C:/ST/STM32CubeIDE_1.18.0/STM32CubeIDE/plugins/com.st.stm32cube.ide.mcu.externaltools.gnu-tools-for-stm32.13.3.rel1.win32_1.0.0.202411081344/tools/bin/../lib/gcc/arm-none-eabi/13.3.1/thumb/v7e-m/nofp\libgcc.a(_aeabi_uldivmod.o)
 .debug_frame   0x00005174       0x34 C:/ST/STM32CubeIDE_1.18.0/STM32CubeIDE/plugins/com.st.stm32cube.ide.mcu.externaltools.gnu-tools-for-stm32.13.3.rel1.win32_1.0.0.202411081344/tools/bin/../lib/gcc/arm-none-eabi/13.3.1/thumb/v7e-m/nofp\libgcc.a(_udivmoddi4.o)

.debug_line_str
                0x00000000       0x71
 .debug_line_str
                0x00000000       0x71 ./Core/Startup/startup_stm32g474retx.o
